Archive member included to satisfy reference by file (symbol)

/usr/lib/gcc/arm-none-eabi/13.2.1/libgcc.a(_arm_mulsf3.o)
                              system_msp432p401r.o (__aeabi_fmul)
/usr/lib/gcc/arm-none-eabi/13.2.1/libgcc.a(_arm_addsubsf3.o)
                              system_msp432p401r.o (__aeabi_fsub)
/usr/lib/gcc/arm-none-eabi/13.2.1/libgcc.a(_arm_muldivsf3.o)
                              system_msp432p401r.o (__aeabi_fdiv)
/usr/lib/gcc/arm-none-eabi/13.2.1/libgcc.a(_arm_fixunssfsi.o)
                              system_msp432p401r.o (__aeabi_f2uiz)
/usr/lib/gcc/arm-none-eabi/13.2.1/../../../arm-none-eabi/lib/libc.a(libc_a-memset.o)
                              /usr/lib/gcc/arm-none-eabi/13.2.1/../../../arm-none-eabi/lib/crt0.o (memset)
/usr/lib/gcc/arm-none-eabi/13.2.1/../../../arm-none-eabi/lib/libc.a(libc_a-init.o)
                              /usr/lib/gcc/arm-none-eabi/13.2.1/../../../arm-none-eabi/lib/crt0.o (__libc_init_array)
/usr/lib/gcc/arm-none-eabi/13.2.1/../../../arm-none-eabi/lib/libc.a(libc_a-exit.o)
                              /usr/lib/gcc/arm-none-eabi/13.2.1/../../../arm-none-eabi/lib/crt0.o (exit)
/usr/lib/gcc/arm-none-eabi/13.2.1/../../../arm-none-eabi/lib/libc.a(libc_a-atexit.o)
                              /usr/lib/gcc/arm-none-eabi/13.2.1/../../../arm-none-eabi/lib/crt0.o (atexit)
/usr/lib/gcc/arm-none-eabi/13.2.1/../../../arm-none-eabi/lib/libc.a(libc_a-fini.o)
                              /usr/lib/gcc/arm-none-eabi/13.2.1/../../../arm-none-eabi/lib/crt0.o (__libc_fini_array)
/usr/lib/gcc/arm-none-eabi/13.2.1/../../../arm-none-eabi/lib/libc.a(libc_a-__call_atexit.o)
                              /usr/lib/gcc/arm-none-eabi/13.2.1/../../../arm-none-eabi/lib/libc.a(libc_a-exit.o) (__call_exitprocs)
/usr/lib/gcc/arm-none-eabi/13.2.1/../../../arm-none-eabi/lib/libc.a(libc_a-__atexit.o)
                              /usr/lib/gcc/arm-none-eabi/13.2.1/../../../arm-none-eabi/lib/libc.a(libc_a-atexit.o) (__register_exitproc)
/usr/lib/gcc/arm-none-eabi/13.2.1/../../../arm-none-eabi/lib/libc.a(libc_a-findfp.o)
                              /usr/lib/gcc/arm-none-eabi/13.2.1/../../../arm-none-eabi/lib/libc.a(libc_a-exit.o) (__stdio_exit_handler)
/usr/lib/gcc/arm-none-eabi/13.2.1/../../../arm-none-eabi/lib/libc.a(libc_a-fwalk.o)
                              /usr/lib/gcc/arm-none-eabi/13.2.1/../../../arm-none-eabi/lib/libc.a(libc_a-findfp.o) (_fwalk_sglue)
/usr/lib/gcc/arm-none-eabi/13.2.1/../../../arm-none-eabi/lib/libc.a(libc_a-impure.o)
                              /usr/lib/gcc/arm-none-eabi/13.2.1/../../../arm-none-eabi/lib/libc.a(libc_a-findfp.o) (_impure_data)
/usr/lib/gcc/arm-none-eabi/13.2.1/../../../arm-none-eabi/lib/libc.a(libc_a-mallocr.o)
                              /usr/lib/gcc/arm-none-eabi/13.2.1/../../../arm-none-eabi/lib/libc.a(libc_a-findfp.o) (_malloc_r)
/usr/lib/gcc/arm-none-eabi/13.2.1/../../../arm-none-eabi/lib/libc.a(libc_a-freer.o)
                              /usr/lib/gcc/arm-none-eabi/13.2.1/../../../arm-none-eabi/lib/libc.a(libc_a-mallocr.o) (_free_r)
/usr/lib/gcc/arm-none-eabi/13.2.1/../../../arm-none-eabi/lib/libc.a(libc_a-fclose.o)
                              /usr/lib/gcc/arm-none-eabi/13.2.1/../../../arm-none-eabi/lib/libc.a(libc_a-findfp.o) (_fclose_r)
/usr/lib/gcc/arm-none-eabi/13.2.1/../../../arm-none-eabi/lib/libc.a(libc_a-sysconf.o)
                              /usr/lib/gcc/arm-none-eabi/13.2.1/../../../arm-none-eabi/lib/libc.a(libc_a-mallocr.o) (sysconf)
/usr/lib/gcc/arm-none-eabi/13.2.1/../../../arm-none-eabi/lib/libc.a(libc_a-stdio.o)
                              /usr/lib/gcc/arm-none-eabi/13.2.1/../../../arm-none-eabi/lib/libc.a(libc_a-findfp.o) (__sread)
/usr/lib/gcc/arm-none-eabi/13.2.1/../../../arm-none-eabi/lib/libc.a(libc_a-writer.o)
                              /usr/lib/gcc/arm-none-eabi/13.2.1/../../../arm-none-eabi/lib/libc.a(libc_a-stdio.o) (_write_r)
/usr/lib/gcc/arm-none-eabi/13.2.1/../../../arm-none-eabi/lib/libc.a(libc_a-mlock.o)
                              /usr/lib/gcc/arm-none-eabi/13.2.1/../../../arm-none-eabi/lib/libc.a(libc_a-mallocr.o) (__malloc_lock)
/usr/lib/gcc/arm-none-eabi/13.2.1/../../../arm-none-eabi/lib/libc.a(libc_a-sbrkr.o)
                              /usr/lib/gcc/arm-none-eabi/13.2.1/../../../arm-none-eabi/lib/libc.a(libc_a-mallocr.o) (_sbrk_r)
/usr/lib/gcc/arm-none-eabi/13.2.1/../../../arm-none-eabi/lib/libc.a(libc_a-closer.o)
                              /usr/lib/gcc/arm-none-eabi/13.2.1/../../../arm-none-eabi/lib/libc.a(libc_a-stdio.o) (_close_r)
/usr/lib/gcc/arm-none-eabi/13.2.1/../../../arm-none-eabi/lib/libc.a(libc_a-fflush.o)
                              /usr/lib/gcc/arm-none-eabi/13.2.1/../../../arm-none-eabi/lib/libc.a(libc_a-fclose.o) (__sflush_r)
/usr/lib/gcc/arm-none-eabi/13.2.1/../../../arm-none-eabi/lib/libc.a(libc_a-errno.o)
                              /usr/lib/gcc/arm-none-eabi/13.2.1/../../../arm-none-eabi/lib/libc.a(libc_a-sysconf.o) (__errno)
/usr/lib/gcc/arm-none-eabi/13.2.1/../../../arm-none-eabi/lib/libc.a(libc_a-readr.o)
                              /usr/lib/gcc/arm-none-eabi/13.2.1/../../../arm-none-eabi/lib/libc.a(libc_a-stdio.o) (_read_r)
/usr/lib/gcc/arm-none-eabi/13.2.1/../../../arm-none-eabi/lib/libc.a(libc_a-lseekr.o)
                              /usr/lib/gcc/arm-none-eabi/13.2.1/../../../arm-none-eabi/lib/libc.a(libc_a-stdio.o) (_lseek_r)
/usr/lib/gcc/arm-none-eabi/13.2.1/../../../arm-none-eabi/lib/libc.a(libc_a-reent.o)
                              /usr/lib/gcc/arm-none-eabi/13.2.1/../../../arm-none-eabi/lib/libc.a(libc_a-writer.o) (errno)
/usr/lib/gcc/arm-none-eabi/13.2.1/libgcc.a(_udivsi3.o)
                              /usr/lib/gcc/arm-none-eabi/13.2.1/../../../arm-none-eabi/lib/libc.a(libc_a-freer.o) (__aeabi_uidiv)
/usr/lib/gcc/arm-none-eabi/13.2.1/libgcc.a(_dvmd_tls.o)
                              /usr/lib/gcc/arm-none-eabi/13.2.1/libgcc.a(_udivsi3.o) (__aeabi_idiv0)
/usr/lib/gcc/arm-none-eabi/13.2.1/../../../arm-none-eabi/lib/libnosys.a(close.o)
                              /usr/lib/gcc/arm-none-eabi/13.2.1/../../../arm-none-eabi/lib/libc.a(libc_a-closer.o) (_close)
/usr/lib/gcc/arm-none-eabi/13.2.1/../../../arm-none-eabi/lib/libnosys.a(lseek.o)
                              /usr/lib/gcc/arm-none-eabi/13.2.1/../../../arm-none-eabi/lib/libc.a(libc_a-lseekr.o) (_lseek)
/usr/lib/gcc/arm-none-eabi/13.2.1/../../../arm-none-eabi/lib/libnosys.a(read.o)
                              /usr/lib/gcc/arm-none-eabi/13.2.1/../../../arm-none-eabi/lib/libc.a(libc_a-readr.o) (_read)
/usr/lib/gcc/arm-none-eabi/13.2.1/../../../arm-none-eabi/lib/libnosys.a(sbrk.o)
                              /usr/lib/gcc/arm-none-eabi/13.2.1/../../../arm-none-eabi/lib/libc.a(libc_a-sbrkr.o) (_sbrk)
/usr/lib/gcc/arm-none-eabi/13.2.1/../../../arm-none-eabi/lib/libnosys.a(write.o)
                              /usr/lib/gcc/arm-none-eabi/13.2.1/../../../arm-none-eabi/lib/libc.a(libc_a-writer.o) (_write)
/usr/lib/gcc/arm-none-eabi/13.2.1/../../../arm-none-eabi/lib/libnosys.a(_exit.o)
                              /usr/lib/gcc/arm-none-eabi/13.2.1/../../../arm-none-eabi/lib/libc.a(libc_a-exit.o) (_exit)

Discarded input sections

 .gnu.warning._close
                0x00000000        0x0 /usr/lib/gcc/arm-none-eabi/13.2.1/../../../arm-none-eabi/lib/libnosys.a(close.o)
 .gnu.warning._lseek
                0x00000000        0x0 /usr/lib/gcc/arm-none-eabi/13.2.1/../../../arm-none-eabi/lib/libnosys.a(lseek.o)
 .gnu.warning._read
                0x00000000        0x0 /usr/lib/gcc/arm-none-eabi/13.2.1/../../../arm-none-eabi/lib/libnosys.a(read.o)
 .gnu.warning._write
                0x00000000        0x0 /usr/lib/gcc/arm-none-eabi/13.2.1/../../../arm-none-eabi/lib/libnosys.a(write.o)

Memory Configuration

Name             Origin             Length             Attributes
MAIN_FLASH       0x00000000         0x00040000         xr
INFO_FLASH       0x00200000         0x00004000         xr
SRAM_CODE        0x01000000         0x00010000         xrw
SRAM_DATA        0x20000000         0x00010000         rw
*default*        0x00000000         0xffffffff

Linker script and memory map

LOAD /usr/lib/gcc/arm-none-eabi/13.2.1/crti.o
LOAD /usr/lib/gcc/arm-none-eabi/13.2.1/crtbegin.o
LOAD /usr/lib/gcc/arm-none-eabi/13.2.1/../../../arm-none-eabi/lib/crt0.o
LOAD main.o
LOAD memory.o
LOAD interrupts_msp432p401r_gcc.o
LOAD startup_msp432p401r_gcc.o
LOAD system_msp432p401r.o
START GROUP
LOAD /usr/lib/gcc/arm-none-eabi/13.2.1/libgcc.a
LOAD /usr/lib/gcc/arm-none-eabi/13.2.1/../../../arm-none-eabi/lib/libc.a
END GROUP
START GROUP
LOAD /usr/lib/gcc/arm-none-eabi/13.2.1/libgcc.a
LOAD /usr/lib/gcc/arm-none-eabi/13.2.1/../../../arm-none-eabi/lib/libc.a
LOAD /usr/lib/gcc/arm-none-eabi/13.2.1/../../../arm-none-eabi/lib/libnosys.a
END GROUP
LOAD /usr/lib/gcc/arm-none-eabi/13.2.1/crtend.o
LOAD /usr/lib/gcc/arm-none-eabi/13.2.1/crtn.o
                0x00000000                        PROVIDE (_intvecs_base_address = DEFINED (_intvecs_base_address)?_intvecs_base_address:0x0)

.intvecs        0x00000000      0x140
 *(.intvecs)
 .intvecs       0x00000000      0x140 startup_msp432p401r_gcc.o
                0x00000000                interruptVectors
                0x00200000                        PROVIDE (_mailbox_base_address = 0x200000)

.flashMailbox
 *(.flashMailbox)
                0x00201000                        PROVIDE (_tlv_base_address = 0x201000)

.tlvTable
 *(.tlvTable)
                0x00202000                        PROVIDE (_bsl_base_address = 0x202000)

.bslArea
 *(.bslArea)
                0x20000000                        PROVIDE (_vtable_base_address = DEFINED (_vtable_base_address)?_vtable_base_address:0x20000000)

.vtable
 *(.vtable)

.text           0x00000140     0x2ae0
 CREATE_OBJECT_SYMBOLS
 *(.text)
 .text          0x00000140        0x0 /usr/lib/gcc/arm-none-eabi/13.2.1/crti.o
 .text          0x00000140       0xdc /usr/lib/gcc/arm-none-eabi/13.2.1/crtbegin.o
 .text          0x0000021c      0x130 /usr/lib/gcc/arm-none-eabi/13.2.1/../../../arm-none-eabi/lib/crt0.o
                0x0000021c                _stack_init
                0x000002ac                _mainCRTStartup
                0x000002ac                _start
 .text          0x0000034c       0xb4 main.o
                0x0000034c                main
 .text          0x00000400       0xae memory.o
                0x00000400                set_value
                0x00000422                clear_value
                0x0000043e                get_value
                0x0000045a                set_all
                0x00000492                clear_all
 .text          0x000004ae        0x0 interrupts_msp432p401r_gcc.o
 .text          0x000004ae        0x0 startup_msp432p401r_gcc.o
 *fill*         0x000004ae        0x2 
 .text          0x000004b0      0x390 system_msp432p401r.o
                0x000004b0                SystemCoreClockUpdate
                0x000007d8                SystemInit
 .text          0x00000840      0x198 /usr/lib/gcc/arm-none-eabi/13.2.1/libgcc.a(_arm_mulsf3.o)
 .text          0x000009d8      0x2ac /usr/lib/gcc/arm-none-eabi/13.2.1/libgcc.a(_arm_addsubsf3.o)
                0x000009d8                __aeabi_frsub
                0x000009e0                __subsf3
                0x000009e0                __aeabi_fsub
                0x000009e4                __aeabi_fadd
                0x000009e4                __addsf3
                0x00000ba0                __aeabi_ui2f
                0x00000ba0                __floatunsisf
                0x00000ba8                __aeabi_i2f
                0x00000ba8                __floatsisf
                0x00000bc8                __floatundisf
                0x00000bc8                __aeabi_ul2f
                0x00000bd8                __floatdisf
                0x00000bd8                __aeabi_l2f
 .text          0x00000c84      0x2f8 /usr/lib/gcc/arm-none-eabi/13.2.1/libgcc.a(_arm_muldivsf3.o)
                0x00000c84                __mulsf3
                0x00000c84                __aeabi_fmul
                0x00000e1c                __divsf3
                0x00000e1c                __aeabi_fdiv
 .text          0x00000f7c       0x54 /usr/lib/gcc/arm-none-eabi/13.2.1/libgcc.a(_arm_fixunssfsi.o)
                0x00000f7c                __aeabi_f2uiz
                0x00000f7c                __fixunssfsi
 .text          0x00000fd0       0xfc /usr/lib/gcc/arm-none-eabi/13.2.1/../../../arm-none-eabi/lib/libc.a(libc_a-memset.o)
                0x00000fd0                memset
 .text          0x000010cc       0x90 /usr/lib/gcc/arm-none-eabi/13.2.1/../../../arm-none-eabi/lib/libc.a(libc_a-init.o)
                0x000010cc                __libc_init_array
 .text          0x0000115c       0x30 /usr/lib/gcc/arm-none-eabi/13.2.1/../../../arm-none-eabi/lib/libc.a(libc_a-exit.o)
                0x0000115c                exit
 .text          0x0000118c       0x20 /usr/lib/gcc/arm-none-eabi/13.2.1/../../../arm-none-eabi/lib/libc.a(libc_a-atexit.o)
                0x0000118c                atexit
 .text          0x000011ac       0x44 /usr/lib/gcc/arm-none-eabi/13.2.1/../../../arm-none-eabi/lib/libc.a(libc_a-fini.o)
                0x000011ac                __libc_fini_array
 .text          0x000011f0      0x124 /usr/lib/gcc/arm-none-eabi/13.2.1/../../../arm-none-eabi/lib/libc.a(libc_a-__call_atexit.o)
                0x000011f0                __call_exitprocs
 .text          0x00001314       0x8c /usr/lib/gcc/arm-none-eabi/13.2.1/../../../arm-none-eabi/lib/libc.a(libc_a-__atexit.o)
                0x00001314                __register_exitproc
 .text          0x000013a0      0x348 /usr/lib/gcc/arm-none-eabi/13.2.1/../../../arm-none-eabi/lib/libc.a(libc_a-findfp.o)
                0x00001558                __sfp
                0x00001668                __sinit
                0x00001698                __sfp_lock_acquire
                0x0000169c                __sfp_lock_release
                0x000016a0                __fp_lock_all
                0x000016c4                __fp_unlock_all
 .text          0x000016e8       0x78 /usr/lib/gcc/arm-none-eabi/13.2.1/../../../arm-none-eabi/lib/libc.a(libc_a-fwalk.o)
                0x000016e8                _fwalk_sglue
 .text          0x00001760        0x0 /usr/lib/gcc/arm-none-eabi/13.2.1/../../../arm-none-eabi/lib/libc.a(libc_a-impure.o)
 .text          0x00001760      0x784 /usr/lib/gcc/arm-none-eabi/13.2.1/../../../arm-none-eabi/lib/libc.a(libc_a-mallocr.o)
                0x00001760                _malloc_r
 .text          0x00001ee4      0x3fc /usr/lib/gcc/arm-none-eabi/13.2.1/../../../arm-none-eabi/lib/libc.a(libc_a-freer.o)
                0x00001ee4                _malloc_trim_r
                0x00001ff8                _free_r
 .text          0x000022e0      0x108 /usr/lib/gcc/arm-none-eabi/13.2.1/../../../arm-none-eabi/lib/libc.a(libc_a-fclose.o)
                0x000022e0                _fclose_r
                0x000023d4                fclose
 .text          0x000023e8       0x30 /usr/lib/gcc/arm-none-eabi/13.2.1/../../../arm-none-eabi/lib/libc.a(libc_a-sysconf.o)
                0x000023e8                sysconf
 .text          0x00002418       0xdc /usr/lib/gcc/arm-none-eabi/13.2.1/../../../arm-none-eabi/lib/libc.a(libc_a-stdio.o)
                0x00002418                __sread
                0x0000244c                __seofread
                0x00002454                __swrite
                0x000024b0                __sseek
                0x000024e0                __sclose
 .text          0x000024f4       0x48 /usr/lib/gcc/arm-none-eabi/13.2.1/../../../arm-none-eabi/lib/libc.a(libc_a-writer.o)
                0x000024f4                _write_r
 .text          0x0000253c        0x8 /usr/lib/gcc/arm-none-eabi/13.2.1/../../../arm-none-eabi/lib/libc.a(libc_a-mlock.o)
                0x0000253c                __malloc_lock
                0x00002540                __malloc_unlock
 .text          0x00002544       0x44 /usr/lib/gcc/arm-none-eabi/13.2.1/../../../arm-none-eabi/lib/libc.a(libc_a-sbrkr.o)
                0x00002544                _sbrk_r
 .text          0x00002588       0x3c /usr/lib/gcc/arm-none-eabi/13.2.1/../../../arm-none-eabi/lib/libc.a(libc_a-closer.o)
                0x00002588                _close_r
 .text          0x000025c4      0x2e8 /usr/lib/gcc/arm-none-eabi/13.2.1/../../../arm-none-eabi/lib/libc.a(libc_a-fflush.o)
                0x000025c4                __sflush_r
                0x000027d4                _fflush_r
                0x00002828                fflush
 .text          0x000028ac       0x10 /usr/lib/gcc/arm-none-eabi/13.2.1/../../../arm-none-eabi/lib/libc.a(libc_a-errno.o)
                0x000028ac                __errno
 .text          0x000028bc       0x48 /usr/lib/gcc/arm-none-eabi/13.2.1/../../../arm-none-eabi/lib/libc.a(libc_a-readr.o)
                0x000028bc                _read_r
 .text          0x00002904       0x48 /usr/lib/gcc/arm-none-eabi/13.2.1/../../../arm-none-eabi/lib/libc.a(libc_a-lseekr.o)
                0x00002904                _lseek_r
 .text          0x0000294c       0xc8 /usr/lib/gcc/arm-none-eabi/13.2.1/../../../arm-none-eabi/lib/libc.a(libc_a-reent.o)
                0x0000294c                _reclaim_reent
 .text          0x00002a14      0x114 /usr/lib/gcc/arm-none-eabi/13.2.1/libgcc.a(_udivsi3.o)
                0x00002a14                __udivsi3
                0x00002a14                __aeabi_uidiv
                0x00002b08                __aeabi_uidivmod
 .text          0x00002b28        0x4 /usr/lib/gcc/arm-none-eabi/13.2.1/libgcc.a(_dvmd_tls.o)
                0x00002b28                __aeabi_ldiv0
                0x00002b28                __aeabi_idiv0
 .text          0x00002b2c       0x18 /usr/lib/gcc/arm-none-eabi/13.2.1/../../../arm-none-eabi/lib/libnosys.a(close.o)
                0x00002b2c                _close
 .text          0x00002b44       0x18 /usr/lib/gcc/arm-none-eabi/13.2.1/../../../arm-none-eabi/lib/libnosys.a(lseek.o)
                0x00002b44                _lseek
 .text          0x00002b5c       0x18 /usr/lib/gcc/arm-none-eabi/13.2.1/../../../arm-none-eabi/lib/libnosys.a(read.o)
                0x00002b5c                _read
 .text          0x00002b74       0x2c /usr/lib/gcc/arm-none-eabi/13.2.1/../../../arm-none-eabi/lib/libnosys.a(sbrk.o)
                0x00002b74                _sbrk
 .text          0x00002ba0       0x18 /usr/lib/gcc/arm-none-eabi/13.2.1/../../../arm-none-eabi/lib/libnosys.a(write.o)
                0x00002ba0                _write
 .text          0x00002bb8        0x4 /usr/lib/gcc/arm-none-eabi/13.2.1/../../../arm-none-eabi/lib/libnosys.a(_exit.o)
                0x00002bb8                _exit
 .text          0x00002bbc        0x0 /usr/lib/gcc/arm-none-eabi/13.2.1/crtend.o
 .text          0x00002bbc        0x0 /usr/lib/gcc/arm-none-eabi/13.2.1/crtn.o
 *(.text.*)
 .text.startup  0x00002bbc       0x28 /usr/lib/gcc/arm-none-eabi/13.2.1/../../../arm-none-eabi/lib/libc.a(libc_a-__call_atexit.o)
                0x00002be4                        . = ALIGN (0x4)
 *(.ctors)
                0x00002be4                        . = ALIGN (0x4)
 *(.dtors)
                0x00002be4                        . = ALIGN (0x4)
                0x00002be4                        __init_array_start = .
 *(.init_array*)
 .init_array    0x00002be4        0x4 /usr/lib/gcc/arm-none-eabi/13.2.1/crtbegin.o
 .init_array.00000
                0x00002be8        0x4 /usr/lib/gcc/arm-none-eabi/13.2.1/../../../arm-none-eabi/lib/libc.a(libc_a-__call_atexit.o)
                0x00002bec                        __init_array_end = .
 *(.init)
 .init          0x00002bec        0xc /usr/lib/gcc/arm-none-eabi/13.2.1/crti.o
                0x00002bec                _init
 .init          0x00002bf8        0xc /usr/lib/gcc/arm-none-eabi/13.2.1/crtn.o
 *(.fini*)
 .fini          0x00002c04        0xc /usr/lib/gcc/arm-none-eabi/13.2.1/crti.o
                0x00002c04                _fini
 .fini_array    0x00002c10        0x4 /usr/lib/gcc/arm-none-eabi/13.2.1/crtbegin.o
 .fini          0x00002c14        0xc /usr/lib/gcc/arm-none-eabi/13.2.1/crtn.o

.glue_7         0x00002c20        0x0
 .glue_7        0x00002c20        0x0 linker stubs

.glue_7t        0x00002c20        0x0
 .glue_7t       0x00002c20        0x0 linker stubs

.vfp11_veneer   0x00002c20        0x0
 .vfp11_veneer  0x00002c20        0x0 linker stubs

.v4_bx          0x00002c20        0x0
 .v4_bx         0x00002c20        0x0 linker stubs

.iplt           0x00002c20        0x0
 .iplt          0x00002c20        0x0 /usr/lib/gcc/arm-none-eabi/13.2.1/crtbegin.o

.text:Reset_Handler
                0x00002c20       0x6c
 .text:Reset_Handler
                0x00002c20       0x6c interrupts_msp432p401r_gcc.o
                0x00002c20                Reset_Handler

.text:NMI_Handler
                0x00002c8c       0x10
 .text:NMI_Handler
                0x00002c8c       0x10 interrupts_msp432p401r_gcc.o
                0x00002c8c                NMI_Handler

.text:HardFault_Handler
                0x00002c9c       0x10
 .text:HardFault_Handler
                0x00002c9c       0x10 interrupts_msp432p401r_gcc.o
                0x00002c9c                HardFault_Handler

.text:Default_Handler
                0x00002cac       0x10
 .text:Default_Handler
                0x00002cac       0x10 interrupts_msp432p401r_gcc.o
                0x00002cac                CS_IRQHandler
                0x00002cac                DebugMon_Handler
                0x00002cac                AES256_IRQHandler
                0x00002cac                SysTick_Handler
                0x00002cac                PendSV_Handler
                0x00002cac                RTC_C_IRQHandler
                0x00002cac                PORT1_IRQHandler
                0x00002cac                FPU_IRQHandler
                0x00002cac                PORT2_IRQHandler
                0x00002cac                TA3_0_IRQHandler
                0x00002cac                UsageFault_Handler
                0x00002cac                DMA_INT3_IRQHandler
                0x00002cac                TA2_0_IRQHandler
                0x00002cac                DMA_INT1_IRQHandler
                0x00002cac                WDT_A_IRQHandler
                0x00002cac                TA2_N_IRQHandler
                0x00002cac                TA1_0_IRQHandler
                0x00002cac                PSS_IRQHandler
                0x00002cac                DMA_INT2_IRQHandler
                0x00002cac                EUSCIA3_IRQHandler
                0x00002cac                DMA_INT0_IRQHandler
                0x00002cac                PORT4_IRQHandler
                0x00002cac                PORT5_IRQHandler
                0x00002cac                EUSCIB0_IRQHandler
                0x00002cac                Default_Handler
                0x00002cac                T32_INTC_IRQHandler
                0x00002cac                TA3_N_IRQHandler
                0x00002cac                TA0_0_IRQHandler
                0x00002cac                EUSCIA2_IRQHandler
                0x00002cac                PORT6_IRQHandler
                0x00002cac                PORT3_IRQHandler
                0x00002cac                MemManage_Handler
                0x00002cac                SVC_Handler
                0x00002cac                TA1_N_IRQHandler
                0x00002cac                EUSCIA1_IRQHandler
                0x00002cac                COMP_E1_IRQHandler
                0x00002cac                EUSCIB2_IRQHandler
                0x00002cac                FLCTL_IRQHandler
                0x00002cac                EUSCIB3_IRQHandler
                0x00002cac                T32_INT1_IRQHandler
                0x00002cac                ADC14_IRQHandler
                0x00002cac                DMA_ERR_IRQHandler
                0x00002cac                EUSCIA0_IRQHandler
                0x00002cac                BusFault_Handler
                0x00002cac                PCM_IRQHandler
                0x00002cac                TA0_N_IRQHandler
                0x00002cac                COMP_E0_IRQHandler
                0x00002cac                EUSCIB1_IRQHandler
                0x00002cac                T32_INT2_IRQHandler

.rodata         0x00002cbc       0x48
 *(.rodata)
 .rodata        0x00002cbc       0x24 /usr/lib/gcc/arm-none-eabi/13.2.1/crtbegin.o
 .rodata        0x00002ce0       0x24 /usr/lib/gcc/arm-none-eabi/13.2.1/crtend.o
 *(.rodata.*)

.eh_frame       0x00002d04        0x4
 .eh_frame      0x00002d04        0x0 /usr/lib/gcc/arm-none-eabi/13.2.1/crtbegin.o
 .eh_frame      0x00002d04        0x4 /usr/lib/gcc/arm-none-eabi/13.2.1/crtend.o

.ARM.exidx      0x00002d08        0x8
                0x00002d08                        __exidx_start = .
 *(.ARM.exidx* .gnu.linkonce.armexidx.*)
 .ARM.exidx     0x00002d08        0x8 /usr/lib/gcc/arm-none-eabi/13.2.1/../../../arm-none-eabi/lib/crt0.o
                                 0x10 (size before relaxing)
                0x00002d10                        __exidx_end = .

.ARM.extab      0x00002d10        0x0
 *(.ARM.extab* .gnu.linkonce.armextab.*)
 .ARM.extab     0x00002d10        0x0 /usr/lib/gcc/arm-none-eabi/13.2.1/../../../arm-none-eabi/lib/crt0.o
                0x00002d10                        __etext = .

.rel.dyn        0x00002d10        0x0
 .rel.iplt      0x00002d10        0x0 /usr/lib/gcc/arm-none-eabi/13.2.1/crtbegin.o

.data           0x20000000      0x550 load address 0x00002d10
                0x00002d10                        __data_load__ = LOADADDR (.data)
                0x20000000                        __data_start__ = .
 *(.data)
 .data          0x20000000        0x0 /usr/lib/gcc/arm-none-eabi/13.2.1/crti.o
 .data          0x20000000        0x4 /usr/lib/gcc/arm-none-eabi/13.2.1/crtbegin.o
                0x20000000                __dso_handle
 .data          0x20000004        0x0 /usr/lib/gcc/arm-none-eabi/13.2.1/../../../arm-none-eabi/lib/crt0.o
 .data          0x20000004        0x0 main.o
 .data          0x20000004        0x0 memory.o
 .data          0x20000004        0x0 interrupts_msp432p401r_gcc.o
 .data          0x20000004        0x0 startup_msp432p401r_gcc.o
 .data          0x20000004        0x4 system_msp432p401r.o
                0x20000004                SystemCoreClock
 .data          0x20000008        0x0 /usr/lib/gcc/arm-none-eabi/13.2.1/libgcc.a(_arm_mulsf3.o)
 .data          0x20000008        0x0 /usr/lib/gcc/arm-none-eabi/13.2.1/libgcc.a(_arm_addsubsf3.o)
 .data          0x20000008        0x0 /usr/lib/gcc/arm-none-eabi/13.2.1/libgcc.a(_arm_muldivsf3.o)
 .data          0x20000008        0x0 /usr/lib/gcc/arm-none-eabi/13.2.1/libgcc.a(_arm_fixunssfsi.o)
 .data          0x20000008        0x0 /usr/lib/gcc/arm-none-eabi/13.2.1/../../../arm-none-eabi/lib/libc.a(libc_a-memset.o)
 .data          0x20000008        0x0 /usr/lib/gcc/arm-none-eabi/13.2.1/../../../arm-none-eabi/lib/libc.a(libc_a-init.o)
 .data          0x20000008        0x0 /usr/lib/gcc/arm-none-eabi/13.2.1/../../../arm-none-eabi/lib/libc.a(libc_a-exit.o)
 .data          0x20000008        0x0 /usr/lib/gcc/arm-none-eabi/13.2.1/../../../arm-none-eabi/lib/libc.a(libc_a-atexit.o)
 .data          0x20000008        0x0 /usr/lib/gcc/arm-none-eabi/13.2.1/../../../arm-none-eabi/lib/libc.a(libc_a-fini.o)
 .data          0x20000008        0x0 /usr/lib/gcc/arm-none-eabi/13.2.1/../../../arm-none-eabi/lib/libc.a(libc_a-__call_atexit.o)
 .data          0x20000008        0x0 /usr/lib/gcc/arm-none-eabi/13.2.1/../../../arm-none-eabi/lib/libc.a(libc_a-__atexit.o)
 .data          0x20000008        0xc /usr/lib/gcc/arm-none-eabi/13.2.1/../../../arm-none-eabi/lib/libc.a(libc_a-findfp.o)
                0x20000008                __sglue
 .data          0x20000014        0x0 /usr/lib/gcc/arm-none-eabi/13.2.1/../../../arm-none-eabi/lib/libc.a(libc_a-fwalk.o)
 *fill*         0x20000014        0x4 
 .data          0x20000018      0x128 /usr/lib/gcc/arm-none-eabi/13.2.1/../../../arm-none-eabi/lib/libc.a(libc_a-impure.o)
                0x20000018                _impure_ptr
                0x20000020                _impure_data
 .data          0x20000140      0x410 /usr/lib/gcc/arm-none-eabi/13.2.1/../../../arm-none-eabi/lib/libc.a(libc_a-mallocr.o)
                0x20000140                __malloc_av_
                0x20000548                __malloc_sbrk_base
                0x2000054c                __malloc_trim_threshold
 .data          0x20000550        0x0 /usr/lib/gcc/arm-none-eabi/13.2.1/../../../arm-none-eabi/lib/libc.a(libc_a-freer.o)
 .data          0x20000550        0x0 /usr/lib/gcc/arm-none-eabi/13.2.1/../../../arm-none-eabi/lib/libc.a(libc_a-fclose.o)
 .data          0x20000550        0x0 /usr/lib/gcc/arm-none-eabi/13.2.1/../../../arm-none-eabi/lib/libc.a(libc_a-sysconf.o)
 .data          0x20000550        0x0 /usr/lib/gcc/arm-none-eabi/13.2.1/../../../arm-none-eabi/lib/libc.a(libc_a-stdio.o)
 .data          0x20000550        0x0 /usr/lib/gcc/arm-none-eabi/13.2.1/../../../arm-none-eabi/lib/libc.a(libc_a-writer.o)
 .data          0x20000550        0x0 /usr/lib/gcc/arm-none-eabi/13.2.1/../../../arm-none-eabi/lib/libc.a(libc_a-mlock.o)
 .data          0x20000550        0x0 /usr/lib/gcc/arm-none-eabi/13.2.1/../../../arm-none-eabi/lib/libc.a(libc_a-sbrkr.o)
 .data          0x20000550        0x0 /usr/lib/gcc/arm-none-eabi/13.2.1/../../../arm-none-eabi/lib/libc.a(libc_a-closer.o)
 .data          0x20000550        0x0 /usr/lib/gcc/arm-none-eabi/13.2.1/../../../arm-none-eabi/lib/libc.a(libc_a-fflush.o)
 .data          0x20000550        0x0 /usr/lib/gcc/arm-none-eabi/13.2.1/../../../arm-none-eabi/lib/libc.a(libc_a-errno.o)
 .data          0x20000550        0x0 /usr/lib/gcc/arm-none-eabi/13.2.1/../../../arm-none-eabi/lib/libc.a(libc_a-readr.o)
 .data          0x20000550        0x0 /usr/lib/gcc/arm-none-eabi/13.2.1/../../../arm-none-eabi/lib/libc.a(libc_a-lseekr.o)
 .data          0x20000550        0x0 /usr/lib/gcc/arm-none-eabi/13.2.1/../../../arm-none-eabi/lib/libc.a(libc_a-reent.o)
 .data          0x20000550        0x0 /usr/lib/gcc/arm-none-eabi/13.2.1/libgcc.a(_udivsi3.o)
 .data          0x20000550        0x0 /usr/lib/gcc/arm-none-eabi/13.2.1/libgcc.a(_dvmd_tls.o)
 .data          0x20000550        0x0 /usr/lib/gcc/arm-none-eabi/13.2.1/../../../arm-none-eabi/lib/libnosys.a(close.o)
 .data          0x20000550        0x0 /usr/lib/gcc/arm-none-eabi/13.2.1/../../../arm-none-eabi/lib/libnosys.a(lseek.o)
 .data          0x20000550        0x0 /usr/lib/gcc/arm-none-eabi/13.2.1/../../../arm-none-eabi/lib/libnosys.a(read.o)
 .data          0x20000550        0x0 /usr/lib/gcc/arm-none-eabi/13.2.1/../../../arm-none-eabi/lib/libnosys.a(sbrk.o)
 .data          0x20000550        0x0 /usr/lib/gcc/arm-none-eabi/13.2.1/../../../arm-none-eabi/lib/libnosys.a(write.o)
 .data          0x20000550        0x0 /usr/lib/gcc/arm-none-eabi/13.2.1/../../../arm-none-eabi/lib/libnosys.a(_exit.o)
 .data          0x20000550        0x0 /usr/lib/gcc/arm-none-eabi/13.2.1/crtend.o
 .data          0x20000550        0x0 /usr/lib/gcc/arm-none-eabi/13.2.1/crtn.o
 *(.data*)
                0x20000550                        . = ALIGN (0x4)
                0x20000550                        __data_end__ = .

.tm_clone_table
                0x20000550        0x0 load address 0x00003260
 .tm_clone_table
                0x20000550        0x0 /usr/lib/gcc/arm-none-eabi/13.2.1/crtbegin.o
 .tm_clone_table
                0x20000550        0x0 /usr/lib/gcc/arm-none-eabi/13.2.1/crtend.o

.igot.plt       0x20000550        0x0 load address 0x00003260
 .igot.plt      0x20000550        0x0 /usr/lib/gcc/arm-none-eabi/13.2.1/crtbegin.o

.bss            0x20000550      0x334
                0x20000550                        __bss_start__ = .
 *(.shbss)
 *(.bss)
 .bss           0x20000550        0x0 /usr/lib/gcc/arm-none-eabi/13.2.1/crti.o
 .bss           0x20000550       0x1c /usr/lib/gcc/arm-none-eabi/13.2.1/crtbegin.o
 .bss           0x2000056c        0x0 /usr/lib/gcc/arm-none-eabi/13.2.1/../../../arm-none-eabi/lib/crt0.o
 .bss           0x2000056c        0xa main.o
                0x2000056c                buffer
 .bss           0x20000576        0x0 memory.o
 .bss           0x20000576        0x0 interrupts_msp432p401r_gcc.o
 .bss           0x20000576        0x0 startup_msp432p401r_gcc.o
 .bss           0x20000576        0x0 system_msp432p401r.o
 .bss           0x20000576        0x0 /usr/lib/gcc/arm-none-eabi/13.2.1/libgcc.a(_arm_mulsf3.o)
 .bss           0x20000576        0x0 /usr/lib/gcc/arm-none-eabi/13.2.1/libgcc.a(_arm_addsubsf3.o)
 .bss           0x20000576        0x0 /usr/lib/gcc/arm-none-eabi/13.2.1/libgcc.a(_arm_muldivsf3.o)
 .bss           0x20000576        0x0 /usr/lib/gcc/arm-none-eabi/13.2.1/libgcc.a(_arm_fixunssfsi.o)
 .bss           0x20000576        0x0 /usr/lib/gcc/arm-none-eabi/13.2.1/../../../arm-none-eabi/lib/libc.a(libc_a-memset.o)
 .bss           0x20000576        0x0 /usr/lib/gcc/arm-none-eabi/13.2.1/../../../arm-none-eabi/lib/libc.a(libc_a-init.o)
 .bss           0x20000576        0x0 /usr/lib/gcc/arm-none-eabi/13.2.1/../../../arm-none-eabi/lib/libc.a(libc_a-exit.o)
 .bss           0x20000576        0x0 /usr/lib/gcc/arm-none-eabi/13.2.1/../../../arm-none-eabi/lib/libc.a(libc_a-atexit.o)
 .bss           0x20000576        0x0 /usr/lib/gcc/arm-none-eabi/13.2.1/../../../arm-none-eabi/lib/libc.a(libc_a-fini.o)
 *fill*         0x20000576        0x2 
 .bss           0x20000578        0x4 /usr/lib/gcc/arm-none-eabi/13.2.1/../../../arm-none-eabi/lib/libc.a(libc_a-__call_atexit.o)
                0x20000578                __atexit
 .bss           0x2000057c      0x190 /usr/lib/gcc/arm-none-eabi/13.2.1/../../../arm-none-eabi/lib/libc.a(libc_a-__atexit.o)
                0x2000057c                __atexit0
 .bss           0x2000070c      0x13c /usr/lib/gcc/arm-none-eabi/13.2.1/../../../arm-none-eabi/lib/libc.a(libc_a-findfp.o)
                0x2000070c                __sf
                0x20000844                __stdio_exit_handler
 .bss           0x20000848        0x0 /usr/lib/gcc/arm-none-eabi/13.2.1/../../../arm-none-eabi/lib/libc.a(libc_a-fwalk.o)
 .bss           0x20000848        0x0 /usr/lib/gcc/arm-none-eabi/13.2.1/../../../arm-none-eabi/lib/libc.a(libc_a-impure.o)
 .bss           0x20000848       0x34 /usr/lib/gcc/arm-none-eabi/13.2.1/../../../arm-none-eabi/lib/libc.a(libc_a-mallocr.o)
                0x20000848                __malloc_top_pad
                0x2000084c                __malloc_current_mallinfo
                0x20000874                __malloc_max_sbrked_mem
                0x20000878                __malloc_max_total_mem
 .bss           0x2000087c        0x0 /usr/lib/gcc/arm-none-eabi/13.2.1/../../../arm-none-eabi/lib/libc.a(libc_a-freer.o)
 .bss           0x2000087c        0x0 /usr/lib/gcc/arm-none-eabi/13.2.1/../../../arm-none-eabi/lib/libc.a(libc_a-fclose.o)
 .bss           0x2000087c        0x0 /usr/lib/gcc/arm-none-eabi/13.2.1/../../../arm-none-eabi/lib/libc.a(libc_a-sysconf.o)
 .bss           0x2000087c        0x0 /usr/lib/gcc/arm-none-eabi/13.2.1/../../../arm-none-eabi/lib/libc.a(libc_a-stdio.o)
 .bss           0x2000087c        0x0 /usr/lib/gcc/arm-none-eabi/13.2.1/../../../arm-none-eabi/lib/libc.a(libc_a-writer.o)
 .bss           0x2000087c        0x0 /usr/lib/gcc/arm-none-eabi/13.2.1/../../../arm-none-eabi/lib/libc.a(libc_a-mlock.o)
 .bss           0x2000087c        0x0 /usr/lib/gcc/arm-none-eabi/13.2.1/../../../arm-none-eabi/lib/libc.a(libc_a-sbrkr.o)
 .bss           0x2000087c        0x0 /usr/lib/gcc/arm-none-eabi/13.2.1/../../../arm-none-eabi/lib/libc.a(libc_a-closer.o)
 .bss           0x2000087c        0x0 /usr/lib/gcc/arm-none-eabi/13.2.1/../../../arm-none-eabi/lib/libc.a(libc_a-fflush.o)
 .bss           0x2000087c        0x0 /usr/lib/gcc/arm-none-eabi/13.2.1/../../../arm-none-eabi/lib/libc.a(libc_a-errno.o)
 .bss           0x2000087c        0x0 /usr/lib/gcc/arm-none-eabi/13.2.1/../../../arm-none-eabi/lib/libc.a(libc_a-readr.o)
 .bss           0x2000087c        0x0 /usr/lib/gcc/arm-none-eabi/13.2.1/../../../arm-none-eabi/lib/libc.a(libc_a-lseekr.o)
 .bss           0x2000087c        0x4 /usr/lib/gcc/arm-none-eabi/13.2.1/../../../arm-none-eabi/lib/libc.a(libc_a-reent.o)
                0x2000087c                errno
 .bss           0x20000880        0x0 /usr/lib/gcc/arm-none-eabi/13.2.1/libgcc.a(_udivsi3.o)
 .bss           0x20000880        0x0 /usr/lib/gcc/arm-none-eabi/13.2.1/libgcc.a(_dvmd_tls.o)
 .bss           0x20000880        0x0 /usr/lib/gcc/arm-none-eabi/13.2.1/../../../arm-none-eabi/lib/libnosys.a(close.o)
 .bss           0x20000880        0x0 /usr/lib/gcc/arm-none-eabi/13.2.1/../../../arm-none-eabi/lib/libnosys.a(lseek.o)
 .bss           0x20000880        0x0 /usr/lib/gcc/arm-none-eabi/13.2.1/../../../arm-none-eabi/lib/libnosys.a(read.o)
 .bss           0x20000880        0x4 /usr/lib/gcc/arm-none-eabi/13.2.1/../../../arm-none-eabi/lib/libnosys.a(sbrk.o)
 .bss           0x20000884        0x0 /usr/lib/gcc/arm-none-eabi/13.2.1/../../../arm-none-eabi/lib/libnosys.a(write.o)
 .bss           0x20000884        0x0 /usr/lib/gcc/arm-none-eabi/13.2.1/../../../arm-none-eabi/lib/libnosys.a(_exit.o)
 .bss           0x20000884        0x0 /usr/lib/gcc/arm-none-eabi/13.2.1/crtend.o
 .bss           0x20000884        0x0 /usr/lib/gcc/arm-none-eabi/13.2.1/crtn.o
 *(.bss.*)
 *(COMMON)
                0x20000884                        . = ALIGN (0x4)
                0x20000884                        __bss_end__ = .

.heap           0x20000884        0x0
                0x20000884                        __heap_start__ = .
                0x20000884                        end = __heap_start__
                0x20000884                        _end = end
                0x20000884                        __end = end
 *(.heap)
                0x20000884                        __heap_end__ = .
                0x20000884                        __HeapLimit = __heap_end__

.stack          0x20000888        0x0
                0x20000888                        _stack = .
                0x20000888                        __stack = .
 *(.stack)
OUTPUT(c1m2 elf32-littlearm)
LOAD linker stubs

.ARM.attributes
                0x00000000       0x2c
 .ARM.attributes
                0x00000000       0x1c /usr/lib/gcc/arm-none-eabi/13.2.1/crti.o
 .ARM.attributes
                0x0000001c       0x2a /usr/lib/gcc/arm-none-eabi/13.2.1/crtbegin.o
 .ARM.attributes
                0x00000046       0x1a /usr/lib/gcc/arm-none-eabi/13.2.1/../../../arm-none-eabi/lib/crt0.o
 .ARM.attributes
                0x00000060       0x2e main.o
 .ARM.attributes
                0x0000008e       0x2e memory.o
 .ARM.attributes
                0x000000bc       0x2e interrupts_msp432p401r_gcc.o
 .ARM.attributes
                0x000000ea       0x2e startup_msp432p401r_gcc.o
 .ARM.attributes
                0x00000118       0x2e system_msp432p401r.o
 .ARM.attributes
                0x00000146       0x1c /usr/lib/gcc/arm-none-eabi/13.2.1/libgcc.a(_arm_mulsf3.o)
 .ARM.attributes
                0x00000162       0x1c /usr/lib/gcc/arm-none-eabi/13.2.1/libgcc.a(_arm_addsubsf3.o)
 .ARM.attributes
                0x0000017e       0x1c /usr/lib/gcc/arm-none-eabi/13.2.1/libgcc.a(_arm_muldivsf3.o)
 .ARM.attributes
                0x0000019a       0x1c /usr/lib/gcc/arm-none-eabi/13.2.1/libgcc.a(_arm_fixunssfsi.o)
 .ARM.attributes
                0x000001b6       0x2a /usr/lib/gcc/arm-none-eabi/13.2.1/../../../arm-none-eabi/lib/libc.a(libc_a-memset.o)
 .ARM.attributes
                0x000001e0       0x2a /usr/lib/gcc/arm-none-eabi/13.2.1/../../../arm-none-eabi/lib/libc.a(libc_a-init.o)
 .ARM.attributes
                0x0000020a       0x2a /usr/lib/gcc/arm-none-eabi/13.2.1/../../../arm-none-eabi/lib/libc.a(libc_a-exit.o)
 .ARM.attributes
                0x00000234       0x2a /usr/lib/gcc/arm-none-eabi/13.2.1/../../../arm-none-eabi/lib/libc.a(libc_a-atexit.o)
 .ARM.attributes
                0x0000025e       0x2a /usr/lib/gcc/arm-none-eabi/13.2.1/../../../arm-none-eabi/lib/libc.a(libc_a-fini.o)
 .ARM.attributes
                0x00000288       0x2a /usr/lib/gcc/arm-none-eabi/13.2.1/../../../arm-none-eabi/lib/libc.a(libc_a-__call_atexit.o)
 .ARM.attributes
                0x000002b2       0x2a /usr/lib/gcc/arm-none-eabi/13.2.1/../../../arm-none-eabi/lib/libc.a(libc_a-__atexit.o)
 .ARM.attributes
                0x000002dc       0x2a /usr/lib/gcc/arm-none-eabi/13.2.1/../../../arm-none-eabi/lib/libc.a(libc_a-findfp.o)
 .ARM.attributes
                0x00000306       0x2a /usr/lib/gcc/arm-none-eabi/13.2.1/../../../arm-none-eabi/lib/libc.a(libc_a-fwalk.o)
 .ARM.attributes
                0x00000330       0x2a /usr/lib/gcc/arm-none-eabi/13.2.1/../../../arm-none-eabi/lib/libc.a(libc_a-impure.o)
 .ARM.attributes
                0x0000035a       0x2a /usr/lib/gcc/arm-none-eabi/13.2.1/../../../arm-none-eabi/lib/libc.a(libc_a-mallocr.o)
 .ARM.attributes
                0x00000384       0x2a /usr/lib/gcc/arm-none-eabi/13.2.1/../../../arm-none-eabi/lib/libc.a(libc_a-freer.o)
 .ARM.attributes
                0x000003ae       0x2a /usr/lib/gcc/arm-none-eabi/13.2.1/../../../arm-none-eabi/lib/libc.a(libc_a-fclose.o)
 .ARM.attributes
                0x000003d8       0x2a /usr/lib/gcc/arm-none-eabi/13.2.1/../../../arm-none-eabi/lib/libc.a(libc_a-sysconf.o)
 .ARM.attributes
                0x00000402       0x2a /usr/lib/gcc/arm-none-eabi/13.2.1/../../../arm-none-eabi/lib/libc.a(libc_a-stdio.o)
 .ARM.attributes
                0x0000042c       0x2a /usr/lib/gcc/arm-none-eabi/13.2.1/../../../arm-none-eabi/lib/libc.a(libc_a-writer.o)
 .ARM.attributes
                0x00000456       0x2a /usr/lib/gcc/arm-none-eabi/13.2.1/../../../arm-none-eabi/lib/libc.a(libc_a-mlock.o)
 .ARM.attributes
                0x00000480       0x2a /usr/lib/gcc/arm-none-eabi/13.2.1/../../../arm-none-eabi/lib/libc.a(libc_a-sbrkr.o)
 .ARM.attributes
                0x000004aa       0x2a /usr/lib/gcc/arm-none-eabi/13.2.1/../../../arm-none-eabi/lib/libc.a(libc_a-closer.o)
 .ARM.attributes
                0x000004d4       0x2a /usr/lib/gcc/arm-none-eabi/13.2.1/../../../arm-none-eabi/lib/libc.a(libc_a-fflush.o)
 .ARM.attributes
                0x000004fe       0x2a /usr/lib/gcc/arm-none-eabi/13.2.1/../../../arm-none-eabi/lib/libc.a(libc_a-errno.o)
 .ARM.attributes
                0x00000528       0x2a /usr/lib/gcc/arm-none-eabi/13.2.1/../../../arm-none-eabi/lib/libc.a(libc_a-readr.o)
 .ARM.attributes
                0x00000552       0x2a /usr/lib/gcc/arm-none-eabi/13.2.1/../../../arm-none-eabi/lib/libc.a(libc_a-lseekr.o)
 .ARM.attributes
                0x0000057c       0x2a /usr/lib/gcc/arm-none-eabi/13.2.1/../../../arm-none-eabi/lib/libc.a(libc_a-reent.o)
 .ARM.attributes
                0x000005a6       0x1c /usr/lib/gcc/arm-none-eabi/13.2.1/libgcc.a(_udivsi3.o)
 .ARM.attributes
                0x000005c2       0x1c /usr/lib/gcc/arm-none-eabi/13.2.1/libgcc.a(_dvmd_tls.o)
 .ARM.attributes
                0x000005de       0x2a /usr/lib/gcc/arm-none-eabi/13.2.1/../../../arm-none-eabi/lib/libnosys.a(close.o)
 .ARM.attributes
                0x00000608       0x2a /usr/lib/gcc/arm-none-eabi/13.2.1/../../../arm-none-eabi/lib/libnosys.a(lseek.o)
 .ARM.attributes
                0x00000632       0x2a /usr/lib/gcc/arm-none-eabi/13.2.1/../../../arm-none-eabi/lib/libnosys.a(read.o)
 .ARM.attributes
                0x0000065c       0x2a /usr/lib/gcc/arm-none-eabi/13.2.1/../../../arm-none-eabi/lib/libnosys.a(sbrk.o)
 .ARM.attributes
                0x00000686       0x2a /usr/lib/gcc/arm-none-eabi/13.2.1/../../../arm-none-eabi/lib/libnosys.a(write.o)
 .ARM.attributes
                0x000006b0       0x2a /usr/lib/gcc/arm-none-eabi/13.2.1/../../../arm-none-eabi/lib/libnosys.a(_exit.o)
 .ARM.attributes
                0x000006da       0x2a /usr/lib/gcc/arm-none-eabi/13.2.1/crtend.o
 .ARM.attributes
                0x00000704       0x1c /usr/lib/gcc/arm-none-eabi/13.2.1/crtn.o

.comment        0x00000000       0x26
 .comment       0x00000000       0x26 /usr/lib/gcc/arm-none-eabi/13.2.1/crtbegin.o
                                 0x27 (size before relaxing)
 .comment       0x00000026       0x27 main.o
 .comment       0x00000026       0x27 memory.o
 .comment       0x00000026       0x27 interrupts_msp432p401r_gcc.o
 .comment       0x00000026       0x27 startup_msp432p401r_gcc.o
 .comment       0x00000026       0x27 system_msp432p401r.o
 .comment       0x00000026       0x27 /usr/lib/gcc/arm-none-eabi/13.2.1/../../../arm-none-eabi/lib/libc.a(libc_a-memset.o)
 .comment       0x00000026       0x27 /usr/lib/gcc/arm-none-eabi/13.2.1/../../../arm-none-eabi/lib/libc.a(libc_a-init.o)
 .comment       0x00000026       0x27 /usr/lib/gcc/arm-none-eabi/13.2.1/../../../arm-none-eabi/lib/libc.a(libc_a-exit.o)
 .comment       0x00000026       0x27 /usr/lib/gcc/arm-none-eabi/13.2.1/../../../arm-none-eabi/lib/libc.a(libc_a-atexit.o)
 .comment       0x00000026       0x27 /usr/lib/gcc/arm-none-eabi/13.2.1/../../../arm-none-eabi/lib/libc.a(libc_a-fini.o)
 .comment       0x00000026       0x27 /usr/lib/gcc/arm-none-eabi/13.2.1/../../../arm-none-eabi/lib/libc.a(libc_a-__call_atexit.o)
 .comment       0x00000026       0x27 /usr/lib/gcc/arm-none-eabi/13.2.1/../../../arm-none-eabi/lib/libc.a(libc_a-__atexit.o)
 .comment       0x00000026       0x27 /usr/lib/gcc/arm-none-eabi/13.2.1/../../../arm-none-eabi/lib/libc.a(libc_a-findfp.o)
 .comment       0x00000026       0x27 /usr/lib/gcc/arm-none-eabi/13.2.1/../../../arm-none-eabi/lib/libc.a(libc_a-fwalk.o)
 .comment       0x00000026       0x27 /usr/lib/gcc/arm-none-eabi/13.2.1/../../../arm-none-eabi/lib/libc.a(libc_a-impure.o)
 .comment       0x00000026       0x27 /usr/lib/gcc/arm-none-eabi/13.2.1/../../../arm-none-eabi/lib/libc.a(libc_a-mallocr.o)
 .comment       0x00000026       0x27 /usr/lib/gcc/arm-none-eabi/13.2.1/../../../arm-none-eabi/lib/libc.a(libc_a-freer.o)
 .comment       0x00000026       0x27 /usr/lib/gcc/arm-none-eabi/13.2.1/../../../arm-none-eabi/lib/libc.a(libc_a-fclose.o)
 .comment       0x00000026       0x27 /usr/lib/gcc/arm-none-eabi/13.2.1/../../../arm-none-eabi/lib/libc.a(libc_a-sysconf.o)
 .comment       0x00000026       0x27 /usr/lib/gcc/arm-none-eabi/13.2.1/../../../arm-none-eabi/lib/libc.a(libc_a-stdio.o)
 .comment       0x00000026       0x27 /usr/lib/gcc/arm-none-eabi/13.2.1/../../../arm-none-eabi/lib/libc.a(libc_a-writer.o)
 .comment       0x00000026       0x27 /usr/lib/gcc/arm-none-eabi/13.2.1/../../../arm-none-eabi/lib/libc.a(libc_a-mlock.o)
 .comment       0x00000026       0x27 /usr/lib/gcc/arm-none-eabi/13.2.1/../../../arm-none-eabi/lib/libc.a(libc_a-sbrkr.o)
 .comment       0x00000026       0x27 /usr/lib/gcc/arm-none-eabi/13.2.1/../../../arm-none-eabi/lib/libc.a(libc_a-closer.o)
 .comment       0x00000026       0x27 /usr/lib/gcc/arm-none-eabi/13.2.1/../../../arm-none-eabi/lib/libc.a(libc_a-fflush.o)
 .comment       0x00000026       0x27 /usr/lib/gcc/arm-none-eabi/13.2.1/../../../arm-none-eabi/lib/libc.a(libc_a-errno.o)
 .comment       0x00000026       0x27 /usr/lib/gcc/arm-none-eabi/13.2.1/../../../arm-none-eabi/lib/libc.a(libc_a-readr.o)
 .comment       0x00000026       0x27 /usr/lib/gcc/arm-none-eabi/13.2.1/../../../arm-none-eabi/lib/libc.a(libc_a-lseekr.o)
 .comment       0x00000026       0x27 /usr/lib/gcc/arm-none-eabi/13.2.1/../../../arm-none-eabi/lib/libc.a(libc_a-reent.o)
 .comment       0x00000026       0x27 /usr/lib/gcc/arm-none-eabi/13.2.1/../../../arm-none-eabi/lib/libnosys.a(close.o)
 .comment       0x00000026       0x27 /usr/lib/gcc/arm-none-eabi/13.2.1/../../../arm-none-eabi/lib/libnosys.a(lseek.o)
 .comment       0x00000026       0x27 /usr/lib/gcc/arm-none-eabi/13.2.1/../../../arm-none-eabi/lib/libnosys.a(read.o)
 .comment       0x00000026       0x27 /usr/lib/gcc/arm-none-eabi/13.2.1/../../../arm-none-eabi/lib/libnosys.a(sbrk.o)
 .comment       0x00000026       0x27 /usr/lib/gcc/arm-none-eabi/13.2.1/../../../arm-none-eabi/lib/libnosys.a(write.o)
 .comment       0x00000026       0x27 /usr/lib/gcc/arm-none-eabi/13.2.1/../../../arm-none-eabi/lib/libnosys.a(_exit.o)
 .comment       0x00000026       0x27 /usr/lib/gcc/arm-none-eabi/13.2.1/crtend.o

.debug_line     0x00000000     0x406e
 .debug_line    0x00000000       0x9c /usr/lib/gcc/arm-none-eabi/13.2.1/../../../arm-none-eabi/lib/crt0.o
 .debug_line    0x0000009c       0x86 main.o
 .debug_line    0x00000122       0x7b memory.o
 .debug_line    0x0000019d       0xed interrupts_msp432p401r_gcc.o
 .debug_line    0x0000028a       0x70 startup_msp432p401r_gcc.o
 .debug_line    0x000002fa      0x27d system_msp432p401r.o
 .debug_line    0x00000577       0xaf /usr/lib/gcc/arm-none-eabi/13.2.1/libgcc.a(_arm_mulsf3.o)
 .debug_line    0x00000626       0xff /usr/lib/gcc/arm-none-eabi/13.2.1/libgcc.a(_arm_addsubsf3.o)
 .debug_line    0x00000725      0x109 /usr/lib/gcc/arm-none-eabi/13.2.1/libgcc.a(_arm_muldivsf3.o)
 .debug_line    0x0000082e       0x5e /usr/lib/gcc/arm-none-eabi/13.2.1/libgcc.a(_arm_fixunssfsi.o)
 .debug_line    0x0000088c      0x1b9 /usr/lib/gcc/arm-none-eabi/13.2.1/../../../arm-none-eabi/lib/libc.a(libc_a-memset.o)
 .debug_line    0x00000a45      0x110 /usr/lib/gcc/arm-none-eabi/13.2.1/../../../arm-none-eabi/lib/libc.a(libc_a-init.o)
 .debug_line    0x00000b55      0x130 /usr/lib/gcc/arm-none-eabi/13.2.1/../../../arm-none-eabi/lib/libc.a(libc_a-exit.o)
 .debug_line    0x00000c85       0xbf /usr/lib/gcc/arm-none-eabi/13.2.1/../../../arm-none-eabi/lib/libc.a(libc_a-atexit.o)
 .debug_line    0x00000d44       0xc7 /usr/lib/gcc/arm-none-eabi/13.2.1/../../../arm-none-eabi/lib/libc.a(libc_a-fini.o)
 .debug_line    0x00000e0b      0x27c /usr/lib/gcc/arm-none-eabi/13.2.1/../../../arm-none-eabi/lib/libc.a(libc_a-__call_atexit.o)
 .debug_line    0x00001087      0x13e /usr/lib/gcc/arm-none-eabi/13.2.1/../../../arm-none-eabi/lib/libc.a(libc_a-__atexit.o)
 .debug_line    0x000011c5      0x572 /usr/lib/gcc/arm-none-eabi/13.2.1/../../../arm-none-eabi/lib/libc.a(libc_a-findfp.o)
 .debug_line    0x00001737      0x1c0 /usr/lib/gcc/arm-none-eabi/13.2.1/../../../arm-none-eabi/lib/libc.a(libc_a-fwalk.o)
 .debug_line    0x000018f7       0xde /usr/lib/gcc/arm-none-eabi/13.2.1/../../../arm-none-eabi/lib/libc.a(libc_a-impure.o)
 .debug_line    0x000019d5      0x8aa /usr/lib/gcc/arm-none-eabi/13.2.1/../../../arm-none-eabi/lib/libc.a(libc_a-mallocr.o)
 .debug_line    0x0000227f      0x545 /usr/lib/gcc/arm-none-eabi/13.2.1/../../../arm-none-eabi/lib/libc.a(libc_a-freer.o)
 .debug_line    0x000027c4      0x249 /usr/lib/gcc/arm-none-eabi/13.2.1/../../../arm-none-eabi/lib/libc.a(libc_a-fclose.o)
 .debug_line    0x00002a0d       0xea /usr/lib/gcc/arm-none-eabi/13.2.1/../../../arm-none-eabi/lib/libc.a(libc_a-sysconf.o)
 .debug_line    0x00002af7      0x220 /usr/lib/gcc/arm-none-eabi/13.2.1/../../../arm-none-eabi/lib/libc.a(libc_a-stdio.o)
 .debug_line    0x00002d17      0x187 /usr/lib/gcc/arm-none-eabi/13.2.1/../../../arm-none-eabi/lib/libc.a(libc_a-writer.o)
 .debug_line    0x00002e9e      0x14a /usr/lib/gcc/arm-none-eabi/13.2.1/../../../arm-none-eabi/lib/libc.a(libc_a-mlock.o)
 .debug_line    0x00002fe8      0x18e /usr/lib/gcc/arm-none-eabi/13.2.1/../../../arm-none-eabi/lib/libc.a(libc_a-sbrkr.o)
 .debug_line    0x00003176      0x18a /usr/lib/gcc/arm-none-eabi/13.2.1/../../../arm-none-eabi/lib/libc.a(libc_a-closer.o)
 .debug_line    0x00003300      0x458 /usr/lib/gcc/arm-none-eabi/13.2.1/../../../arm-none-eabi/lib/libc.a(libc_a-fflush.o)
 .debug_line    0x00003758      0x103 /usr/lib/gcc/arm-none-eabi/13.2.1/../../../arm-none-eabi/lib/libc.a(libc_a-errno.o)
 .debug_line    0x0000385b      0x186 /usr/lib/gcc/arm-none-eabi/13.2.1/../../../arm-none-eabi/lib/libc.a(libc_a-readr.o)
 .debug_line    0x000039e1      0x187 /usr/lib/gcc/arm-none-eabi/13.2.1/../../../arm-none-eabi/lib/libc.a(libc_a-lseekr.o)
 .debug_line    0x00003b68      0x1ea /usr/lib/gcc/arm-none-eabi/13.2.1/../../../arm-none-eabi/lib/libc.a(libc_a-reent.o)
 .debug_line    0x00003d52       0x67 /usr/lib/gcc/arm-none-eabi/13.2.1/libgcc.a(_udivsi3.o)
 .debug_line    0x00003db9       0x4a /usr/lib/gcc/arm-none-eabi/13.2.1/libgcc.a(_dvmd_tls.o)
 .debug_line    0x00003e03       0x69 /usr/lib/gcc/arm-none-eabi/13.2.1/../../../arm-none-eabi/lib/libnosys.a(close.o)
 .debug_line    0x00003e6c       0x6a /usr/lib/gcc/arm-none-eabi/13.2.1/../../../arm-none-eabi/lib/libnosys.a(lseek.o)
 .debug_line    0x00003ed6       0x69 /usr/lib/gcc/arm-none-eabi/13.2.1/../../../arm-none-eabi/lib/libnosys.a(read.o)
 .debug_line    0x00003f3f       0x6d /usr/lib/gcc/arm-none-eabi/13.2.1/../../../arm-none-eabi/lib/libnosys.a(sbrk.o)
 .debug_line    0x00003fac       0x6a /usr/lib/gcc/arm-none-eabi/13.2.1/../../../arm-none-eabi/lib/libnosys.a(write.o)
 .debug_line    0x00004016       0x58 /usr/lib/gcc/arm-none-eabi/13.2.1/../../../arm-none-eabi/lib/libnosys.a(_exit.o)

.debug_line_str
                0x00000000       0xf0
 .debug_line_str
                0x00000000       0xf0 /usr/lib/gcc/arm-none-eabi/13.2.1/../../../arm-none-eabi/lib/crt0.o
                                 0x65 (size before relaxing)
 .debug_line_str
                0x000000f0       0x7f /usr/lib/gcc/arm-none-eabi/13.2.1/libgcc.a(_arm_mulsf3.o)
 .debug_line_str
                0x000000f0       0x7f /usr/lib/gcc/arm-none-eabi/13.2.1/libgcc.a(_arm_addsubsf3.o)
 .debug_line_str
                0x000000f0       0x7f /usr/lib/gcc/arm-none-eabi/13.2.1/libgcc.a(_arm_muldivsf3.o)
 .debug_line_str
                0x000000f0       0x7f /usr/lib/gcc/arm-none-eabi/13.2.1/libgcc.a(_arm_fixunssfsi.o)
 .debug_line_str
                0x000000f0       0x7e /usr/lib/gcc/arm-none-eabi/13.2.1/libgcc.a(_udivsi3.o)
 .debug_line_str
                0x000000f0       0x7e /usr/lib/gcc/arm-none-eabi/13.2.1/libgcc.a(_dvmd_tls.o)

.debug_info     0x00000000     0xb27e
 .debug_info    0x00000000       0x25 /usr/lib/gcc/arm-none-eabi/13.2.1/../../../arm-none-eabi/lib/crt0.o
 .debug_info    0x00000025      0x133 main.o
 .debug_info    0x00000158      0x15d memory.o
 .debug_info    0x000002b5      0x114 interrupts_msp432p401r_gcc.o
 .debug_info    0x000003c9      0x1d6 startup_msp432p401r_gcc.o
 .debug_info    0x0000059f      0xa70 system_msp432p401r.o
 .debug_info    0x0000100f       0x3f /usr/lib/gcc/arm-none-eabi/13.2.1/libgcc.a(_arm_mulsf3.o)
 .debug_info    0x0000104e       0xcc /usr/lib/gcc/arm-none-eabi/13.2.1/libgcc.a(_arm_addsubsf3.o)
 .debug_info    0x0000111a       0x57 /usr/lib/gcc/arm-none-eabi/13.2.1/libgcc.a(_arm_muldivsf3.o)
 .debug_info    0x00001171       0x3c /usr/lib/gcc/arm-none-eabi/13.2.1/libgcc.a(_arm_fixunssfsi.o)
 .debug_info    0x000011ad      0x135 /usr/lib/gcc/arm-none-eabi/13.2.1/../../../arm-none-eabi/lib/libc.a(libc_a-memset.o)
 .debug_info    0x000012e2      0x10b /usr/lib/gcc/arm-none-eabi/13.2.1/../../../arm-none-eabi/lib/libc.a(libc_a-init.o)
 .debug_info    0x000013ed      0x10a /usr/lib/gcc/arm-none-eabi/13.2.1/../../../arm-none-eabi/lib/libc.a(libc_a-exit.o)
 .debug_info    0x000014f7      0x11e /usr/lib/gcc/arm-none-eabi/13.2.1/../../../arm-none-eabi/lib/libc.a(libc_a-atexit.o)
 .debug_info    0x00001615       0xf7 /usr/lib/gcc/arm-none-eabi/13.2.1/../../../arm-none-eabi/lib/libc.a(libc_a-fini.o)
 .debug_info    0x0000170c      0x280 /usr/lib/gcc/arm-none-eabi/13.2.1/../../../arm-none-eabi/lib/libc.a(libc_a-__call_atexit.o)
 .debug_info    0x0000198c      0x1fd /usr/lib/gcc/arm-none-eabi/13.2.1/../../../arm-none-eabi/lib/libc.a(libc_a-__atexit.o)
 .debug_info    0x00001b89      0xea7 /usr/lib/gcc/arm-none-eabi/13.2.1/../../../arm-none-eabi/lib/libc.a(libc_a-findfp.o)
 .debug_info    0x00002a30      0x7e4 /usr/lib/gcc/arm-none-eabi/13.2.1/../../../arm-none-eabi/lib/libc.a(libc_a-fwalk.o)
 .debug_info    0x00003214      0x729 /usr/lib/gcc/arm-none-eabi/13.2.1/../../../arm-none-eabi/lib/libc.a(libc_a-impure.o)
 .debug_info    0x0000393d      0xcdd /usr/lib/gcc/arm-none-eabi/13.2.1/../../../arm-none-eabi/lib/libc.a(libc_a-mallocr.o)
 .debug_info    0x0000461a      0xb49 /usr/lib/gcc/arm-none-eabi/13.2.1/../../../arm-none-eabi/lib/libc.a(libc_a-freer.o)
 .debug_info    0x00005163      0x8e6 /usr/lib/gcc/arm-none-eabi/13.2.1/../../../arm-none-eabi/lib/libc.a(libc_a-fclose.o)
 .debug_info    0x00005a49       0xc1 /usr/lib/gcc/arm-none-eabi/13.2.1/../../../arm-none-eabi/lib/libc.a(libc_a-sysconf.o)
 .debug_info    0x00005b0a      0xa90 /usr/lib/gcc/arm-none-eabi/13.2.1/../../../arm-none-eabi/lib/libc.a(libc_a-stdio.o)
 .debug_info    0x0000659a      0x7d9 /usr/lib/gcc/arm-none-eabi/13.2.1/../../../arm-none-eabi/lib/libc.a(libc_a-writer.o)
 .debug_info    0x00006d73      0x73a /usr/lib/gcc/arm-none-eabi/13.2.1/../../../arm-none-eabi/lib/libc.a(libc_a-mlock.o)
 .debug_info    0x000074ad      0x796 /usr/lib/gcc/arm-none-eabi/13.2.1/../../../arm-none-eabi/lib/libc.a(libc_a-sbrkr.o)
 .debug_info    0x00007c43      0x770 /usr/lib/gcc/arm-none-eabi/13.2.1/../../../arm-none-eabi/lib/libc.a(libc_a-closer.o)
 .debug_info    0x000083b3      0xa48 /usr/lib/gcc/arm-none-eabi/13.2.1/../../../arm-none-eabi/lib/libc.a(libc_a-fflush.o)
 .debug_info    0x00008dfb      0x70f /usr/lib/gcc/arm-none-eabi/13.2.1/../../../arm-none-eabi/lib/libc.a(libc_a-errno.o)
 .debug_info    0x0000950a      0x7d3 /usr/lib/gcc/arm-none-eabi/13.2.1/../../../arm-none-eabi/lib/libc.a(libc_a-readr.o)
 .debug_info    0x00009cdd      0x7bc /usr/lib/gcc/arm-none-eabi/13.2.1/../../../arm-none-eabi/lib/libc.a(libc_a-lseekr.o)
 .debug_info    0x0000a499      0x831 /usr/lib/gcc/arm-none-eabi/13.2.1/../../../arm-none-eabi/lib/libc.a(libc_a-reent.o)
 .debug_info    0x0000acca       0x3e /usr/lib/gcc/arm-none-eabi/13.2.1/libgcc.a(_udivsi3.o)
 .debug_info    0x0000ad08       0x3c /usr/lib/gcc/arm-none-eabi/13.2.1/libgcc.a(_dvmd_tls.o)
 .debug_info    0x0000ad44       0xde /usr/lib/gcc/arm-none-eabi/13.2.1/../../../arm-none-eabi/lib/libnosys.a(close.o)
 .debug_info    0x0000ae22      0x100 /usr/lib/gcc/arm-none-eabi/13.2.1/../../../arm-none-eabi/lib/libnosys.a(lseek.o)
 .debug_info    0x0000af22      0x106 /usr/lib/gcc/arm-none-eabi/13.2.1/../../../arm-none-eabi/lib/libnosys.a(read.o)
 .debug_info    0x0000b028       0xac /usr/lib/gcc/arm-none-eabi/13.2.1/../../../arm-none-eabi/lib/libnosys.a(sbrk.o)
 .debug_info    0x0000b0d4      0x106 /usr/lib/gcc/arm-none-eabi/13.2.1/../../../arm-none-eabi/lib/libnosys.a(write.o)
 .debug_info    0x0000b1da       0xa4 /usr/lib/gcc/arm-none-eabi/13.2.1/../../../arm-none-eabi/lib/libnosys.a(_exit.o)

.debug_abbrev   0x00000000     0x352d
 .debug_abbrev  0x00000000       0x14 /usr/lib/gcc/arm-none-eabi/13.2.1/../../../arm-none-eabi/lib/crt0.o
 .debug_abbrev  0x00000014       0xca main.o
 .debug_abbrev  0x000000de       0xb0 memory.o
 .debug_abbrev  0x0000018e       0xc7 interrupts_msp432p401r_gcc.o
 .debug_abbrev  0x00000255       0x86 startup_msp432p401r_gcc.o
 .debug_abbrev  0x000002db      0x12e system_msp432p401r.o
 .debug_abbrev  0x00000409       0x26 /usr/lib/gcc/arm-none-eabi/13.2.1/libgcc.a(_arm_mulsf3.o)
 .debug_abbrev  0x0000042f       0x28 /usr/lib/gcc/arm-none-eabi/13.2.1/libgcc.a(_arm_addsubsf3.o)
 .debug_abbrev  0x00000457       0x28 /usr/lib/gcc/arm-none-eabi/13.2.1/libgcc.a(_arm_muldivsf3.o)
 .debug_abbrev  0x0000047f       0x28 /usr/lib/gcc/arm-none-eabi/13.2.1/libgcc.a(_arm_fixunssfsi.o)
 .debug_abbrev  0x000004a7       0xb7 /usr/lib/gcc/arm-none-eabi/13.2.1/../../../arm-none-eabi/lib/libc.a(libc_a-memset.o)
 .debug_abbrev  0x0000055e       0xc9 /usr/lib/gcc/arm-none-eabi/13.2.1/../../../arm-none-eabi/lib/libc.a(libc_a-init.o)
 .debug_abbrev  0x00000627       0xd5 /usr/lib/gcc/arm-none-eabi/13.2.1/../../../arm-none-eabi/lib/libc.a(libc_a-exit.o)
 .debug_abbrev  0x000006fc       0xbe /usr/lib/gcc/arm-none-eabi/13.2.1/../../../arm-none-eabi/lib/libc.a(libc_a-atexit.o)
 .debug_abbrev  0x000007ba       0xc9 /usr/lib/gcc/arm-none-eabi/13.2.1/../../../arm-none-eabi/lib/libc.a(libc_a-fini.o)
 .debug_abbrev  0x00000883      0x1d1 /usr/lib/gcc/arm-none-eabi/13.2.1/../../../arm-none-eabi/lib/libc.a(libc_a-__call_atexit.o)
 .debug_abbrev  0x00000a54      0x157 /usr/lib/gcc/arm-none-eabi/13.2.1/../../../arm-none-eabi/lib/libc.a(libc_a-__atexit.o)
 .debug_abbrev  0x00000bab      0x43a /usr/lib/gcc/arm-none-eabi/13.2.1/../../../arm-none-eabi/lib/libc.a(libc_a-findfp.o)
 .debug_abbrev  0x00000fe5      0x1d9 /usr/lib/gcc/arm-none-eabi/13.2.1/../../../arm-none-eabi/lib/libc.a(libc_a-fwalk.o)
 .debug_abbrev  0x000011be      0x185 /usr/lib/gcc/arm-none-eabi/13.2.1/../../../arm-none-eabi/lib/libc.a(libc_a-impure.o)
 .debug_abbrev  0x00001343      0x2d7 /usr/lib/gcc/arm-none-eabi/13.2.1/../../../arm-none-eabi/lib/libc.a(libc_a-mallocr.o)
 .debug_abbrev  0x0000161a      0x289 /usr/lib/gcc/arm-none-eabi/13.2.1/../../../arm-none-eabi/lib/libc.a(libc_a-freer.o)
 .debug_abbrev  0x000018a3      0x2ed /usr/lib/gcc/arm-none-eabi/13.2.1/../../../arm-none-eabi/lib/libc.a(libc_a-fclose.o)
 .debug_abbrev  0x00001b90       0x80 /usr/lib/gcc/arm-none-eabi/13.2.1/../../../arm-none-eabi/lib/libc.a(libc_a-sysconf.o)
 .debug_abbrev  0x00001c10      0x242 /usr/lib/gcc/arm-none-eabi/13.2.1/../../../arm-none-eabi/lib/libc.a(libc_a-stdio.o)
 .debug_abbrev  0x00001e52      0x1f1 /usr/lib/gcc/arm-none-eabi/13.2.1/../../../arm-none-eabi/lib/libc.a(libc_a-writer.o)
 .debug_abbrev  0x00002043      0x1ce /usr/lib/gcc/arm-none-eabi/13.2.1/../../../arm-none-eabi/lib/libc.a(libc_a-mlock.o)
 .debug_abbrev  0x00002211      0x216 /usr/lib/gcc/arm-none-eabi/13.2.1/../../../arm-none-eabi/lib/libc.a(libc_a-sbrkr.o)
 .debug_abbrev  0x00002427      0x1ec /usr/lib/gcc/arm-none-eabi/13.2.1/../../../arm-none-eabi/lib/libc.a(libc_a-closer.o)
 .debug_abbrev  0x00002613      0x339 /usr/lib/gcc/arm-none-eabi/13.2.1/../../../arm-none-eabi/lib/libc.a(libc_a-fflush.o)
 .debug_abbrev  0x0000294c      0x19a /usr/lib/gcc/arm-none-eabi/13.2.1/../../../arm-none-eabi/lib/libc.a(libc_a-errno.o)
 .debug_abbrev  0x00002ae6      0x1ec /usr/lib/gcc/arm-none-eabi/13.2.1/../../../arm-none-eabi/lib/libc.a(libc_a-readr.o)
 .debug_abbrev  0x00002cd2      0x200 /usr/lib/gcc/arm-none-eabi/13.2.1/../../../arm-none-eabi/lib/libc.a(libc_a-lseekr.o)
 .debug_abbrev  0x00002ed2      0x22a /usr/lib/gcc/arm-none-eabi/13.2.1/../../../arm-none-eabi/lib/libc.a(libc_a-reent.o)
 .debug_abbrev  0x000030fc       0x28 /usr/lib/gcc/arm-none-eabi/13.2.1/libgcc.a(_udivsi3.o)
 .debug_abbrev  0x00003124       0x26 /usr/lib/gcc/arm-none-eabi/13.2.1/libgcc.a(_dvmd_tls.o)
 .debug_abbrev  0x0000314a       0x96 /usr/lib/gcc/arm-none-eabi/13.2.1/../../../arm-none-eabi/lib/libnosys.a(close.o)
 .debug_abbrev  0x000031e0       0xbb /usr/lib/gcc/arm-none-eabi/13.2.1/../../../arm-none-eabi/lib/libnosys.a(lseek.o)
 .debug_abbrev  0x0000329b       0xc4 /usr/lib/gcc/arm-none-eabi/13.2.1/../../../arm-none-eabi/lib/libnosys.a(read.o)
 .debug_abbrev  0x0000335f       0xa1 /usr/lib/gcc/arm-none-eabi/13.2.1/../../../arm-none-eabi/lib/libnosys.a(sbrk.o)
 .debug_abbrev  0x00003400       0xc4 /usr/lib/gcc/arm-none-eabi/13.2.1/../../../arm-none-eabi/lib/libnosys.a(write.o)
 .debug_abbrev  0x000034c4       0x69 /usr/lib/gcc/arm-none-eabi/13.2.1/../../../arm-none-eabi/lib/libnosys.a(_exit.o)

.debug_aranges  0x00000000      0x550
 .debug_aranges
                0x00000000       0x20 /usr/lib/gcc/arm-none-eabi/13.2.1/../../../arm-none-eabi/lib/crt0.o
 .debug_aranges
                0x00000020       0x20 main.o
 .debug_aranges
                0x00000040       0x20 memory.o
 .debug_aranges
                0x00000060       0x38 interrupts_msp432p401r_gcc.o
 .debug_aranges
                0x00000098       0x18 startup_msp432p401r_gcc.o
 .debug_aranges
                0x000000b0       0x20 system_msp432p401r.o
 .debug_aranges
                0x000000d0       0x20 /usr/lib/gcc/arm-none-eabi/13.2.1/libgcc.a(_arm_mulsf3.o)
 .debug_aranges
                0x000000f0       0x20 /usr/lib/gcc/arm-none-eabi/13.2.1/libgcc.a(_arm_addsubsf3.o)
 .debug_aranges
                0x00000110       0x20 /usr/lib/gcc/arm-none-eabi/13.2.1/libgcc.a(_arm_muldivsf3.o)
 .debug_aranges
                0x00000130       0x20 /usr/lib/gcc/arm-none-eabi/13.2.1/libgcc.a(_arm_fixunssfsi.o)
 .debug_aranges
                0x00000150       0x20 /usr/lib/gcc/arm-none-eabi/13.2.1/../../../arm-none-eabi/lib/libc.a(libc_a-memset.o)
 .debug_aranges
                0x00000170       0x20 /usr/lib/gcc/arm-none-eabi/13.2.1/../../../arm-none-eabi/lib/libc.a(libc_a-init.o)
 .debug_aranges
                0x00000190       0x20 /usr/lib/gcc/arm-none-eabi/13.2.1/../../../arm-none-eabi/lib/libc.a(libc_a-exit.o)
 .debug_aranges
                0x000001b0       0x20 /usr/lib/gcc/arm-none-eabi/13.2.1/../../../arm-none-eabi/lib/libc.a(libc_a-atexit.o)
 .debug_aranges
                0x000001d0       0x20 /usr/lib/gcc/arm-none-eabi/13.2.1/../../../arm-none-eabi/lib/libc.a(libc_a-fini.o)
 .debug_aranges
                0x000001f0       0x28 /usr/lib/gcc/arm-none-eabi/13.2.1/../../../arm-none-eabi/lib/libc.a(libc_a-__call_atexit.o)
 .debug_aranges
                0x00000218       0x20 /usr/lib/gcc/arm-none-eabi/13.2.1/../../../arm-none-eabi/lib/libc.a(libc_a-__atexit.o)
 .debug_aranges
                0x00000238       0x20 /usr/lib/gcc/arm-none-eabi/13.2.1/../../../arm-none-eabi/lib/libc.a(libc_a-findfp.o)
 .debug_aranges
                0x00000258       0x20 /usr/lib/gcc/arm-none-eabi/13.2.1/../../../arm-none-eabi/lib/libc.a(libc_a-fwalk.o)
 .debug_aranges
                0x00000278       0x18 /usr/lib/gcc/arm-none-eabi/13.2.1/../../../arm-none-eabi/lib/libc.a(libc_a-impure.o)
 .debug_aranges
                0x00000290       0x20 /usr/lib/gcc/arm-none-eabi/13.2.1/../../../arm-none-eabi/lib/libc.a(libc_a-mallocr.o)
 .debug_aranges
                0x000002b0       0x20 /usr/lib/gcc/arm-none-eabi/13.2.1/../../../arm-none-eabi/lib/libc.a(libc_a-freer.o)
 .debug_aranges
                0x000002d0       0x20 /usr/lib/gcc/arm-none-eabi/13.2.1/../../../arm-none-eabi/lib/libc.a(libc_a-fclose.o)
 .debug_aranges
                0x000002f0       0x20 /usr/lib/gcc/arm-none-eabi/13.2.1/../../../arm-none-eabi/lib/libc.a(libc_a-sysconf.o)
 .debug_aranges
                0x00000310       0x20 /usr/lib/gcc/arm-none-eabi/13.2.1/../../../arm-none-eabi/lib/libc.a(libc_a-stdio.o)
 .debug_aranges
                0x00000330       0x20 /usr/lib/gcc/arm-none-eabi/13.2.1/../../../arm-none-eabi/lib/libc.a(libc_a-writer.o)
 .debug_aranges
                0x00000350       0x20 /usr/lib/gcc/arm-none-eabi/13.2.1/../../../arm-none-eabi/lib/libc.a(libc_a-mlock.o)
 .debug_aranges
                0x00000370       0x20 /usr/lib/gcc/arm-none-eabi/13.2.1/../../../arm-none-eabi/lib/libc.a(libc_a-sbrkr.o)
 .debug_aranges
                0x00000390       0x20 /usr/lib/gcc/arm-none-eabi/13.2.1/../../../arm-none-eabi/lib/libc.a(libc_a-closer.o)
 .debug_aranges
                0x000003b0       0x20 /usr/lib/gcc/arm-none-eabi/13.2.1/../../../arm-none-eabi/lib/libc.a(libc_a-fflush.o)
 .debug_aranges
                0x000003d0       0x20 /usr/lib/gcc/arm-none-eabi/13.2.1/../../../arm-none-eabi/lib/libc.a(libc_a-errno.o)
 .debug_aranges
                0x000003f0       0x20 /usr/lib/gcc/arm-none-eabi/13.2.1/../../../arm-none-eabi/lib/libc.a(libc_a-readr.o)
 .debug_aranges
                0x00000410       0x20 /usr/lib/gcc/arm-none-eabi/13.2.1/../../../arm-none-eabi/lib/libc.a(libc_a-lseekr.o)
 .debug_aranges
                0x00000430       0x20 /usr/lib/gcc/arm-none-eabi/13.2.1/../../../arm-none-eabi/lib/libc.a(libc_a-reent.o)
 .debug_aranges
                0x00000450       0x20 /usr/lib/gcc/arm-none-eabi/13.2.1/libgcc.a(_udivsi3.o)
 .debug_aranges
                0x00000470       0x20 /usr/lib/gcc/arm-none-eabi/13.2.1/libgcc.a(_dvmd_tls.o)
 .debug_aranges
                0x00000490       0x20 /usr/lib/gcc/arm-none-eabi/13.2.1/../../../arm-none-eabi/lib/libnosys.a(close.o)
 .debug_aranges
                0x000004b0       0x20 /usr/lib/gcc/arm-none-eabi/13.2.1/../../../arm-none-eabi/lib/libnosys.a(lseek.o)
 .debug_aranges
                0x000004d0       0x20 /usr/lib/gcc/arm-none-eabi/13.2.1/../../../arm-none-eabi/lib/libnosys.a(read.o)
 .debug_aranges
                0x000004f0       0x20 /usr/lib/gcc/arm-none-eabi/13.2.1/../../../arm-none-eabi/lib/libnosys.a(sbrk.o)
 .debug_aranges
                0x00000510       0x20 /usr/lib/gcc/arm-none-eabi/13.2.1/../../../arm-none-eabi/lib/libnosys.a(write.o)
 .debug_aranges
                0x00000530       0x20 /usr/lib/gcc/arm-none-eabi/13.2.1/../../../arm-none-eabi/lib/libnosys.a(_exit.o)

.debug_str      0x00000000     0x1fb2
 .debug_str     0x00000000     0x1fb2 /usr/lib/gcc/arm-none-eabi/13.2.1/../../../arm-none-eabi/lib/crt0.o
                                 0x71 (size before relaxing)
 .debug_str     0x00001fb2      0x15b main.o
 .debug_str     0x00001fb2       0xf1 memory.o
 .debug_str     0x00001fb2      0x1da interrupts_msp432p401r_gcc.o
 .debug_str     0x00001fb2      0x4c5 startup_msp432p401r_gcc.o
 .debug_str     0x00001fb2      0x9c0 system_msp432p401r.o
 .debug_str     0x00001fb2       0xa1 /usr/lib/gcc/arm-none-eabi/13.2.1/libgcc.a(_arm_mulsf3.o)
 .debug_str     0x00001fb2      0x12b /usr/lib/gcc/arm-none-eabi/13.2.1/libgcc.a(_arm_addsubsf3.o)
 .debug_str     0x00001fb2       0xb7 /usr/lib/gcc/arm-none-eabi/13.2.1/libgcc.a(_arm_muldivsf3.o)
 .debug_str     0x00001fb2       0xa6 /usr/lib/gcc/arm-none-eabi/13.2.1/libgcc.a(_arm_fixunssfsi.o)
 .debug_str     0x00001fb2      0x182 /usr/lib/gcc/arm-none-eabi/13.2.1/../../../arm-none-eabi/lib/libc.a(libc_a-memset.o)
 .debug_str     0x00001fb2      0x1cf /usr/lib/gcc/arm-none-eabi/13.2.1/../../../arm-none-eabi/lib/libc.a(libc_a-init.o)
 .debug_str     0x00001fb2      0x194 /usr/lib/gcc/arm-none-eabi/13.2.1/../../../arm-none-eabi/lib/libc.a(libc_a-exit.o)
 .debug_str     0x00001fb2      0x1ab /usr/lib/gcc/arm-none-eabi/13.2.1/../../../arm-none-eabi/lib/libc.a(libc_a-atexit.o)
 .debug_str     0x00001fb2      0x1a5 /usr/lib/gcc/arm-none-eabi/13.2.1/../../../arm-none-eabi/lib/libc.a(libc_a-fini.o)
 .debug_str     0x00001fb2      0x238 /usr/lib/gcc/arm-none-eabi/13.2.1/../../../arm-none-eabi/lib/libc.a(libc_a-__call_atexit.o)
 .debug_str     0x00001fb2      0x216 /usr/lib/gcc/arm-none-eabi/13.2.1/../../../arm-none-eabi/lib/libc.a(libc_a-__atexit.o)
 .debug_str     0x00001fb2      0x689 /usr/lib/gcc/arm-none-eabi/13.2.1/../../../arm-none-eabi/lib/libc.a(libc_a-findfp.o)
 .debug_str     0x00001fb2      0x491 /usr/lib/gcc/arm-none-eabi/13.2.1/../../../arm-none-eabi/lib/libc.a(libc_a-fwalk.o)
 .debug_str     0x00001fb2      0x486 /usr/lib/gcc/arm-none-eabi/13.2.1/../../../arm-none-eabi/lib/libc.a(libc_a-impure.o)
 .debug_str     0x00001fb2      0x6a9 /usr/lib/gcc/arm-none-eabi/13.2.1/../../../arm-none-eabi/lib/libc.a(libc_a-mallocr.o)
 .debug_str     0x00001fb2      0x5ff /usr/lib/gcc/arm-none-eabi/13.2.1/../../../arm-none-eabi/lib/libc.a(libc_a-freer.o)
 .debug_str     0x00001fb2      0x4e0 /usr/lib/gcc/arm-none-eabi/13.2.1/../../../arm-none-eabi/lib/libc.a(libc_a-fclose.o)
 .debug_str     0x00001fb2      0x177 /usr/lib/gcc/arm-none-eabi/13.2.1/../../../arm-none-eabi/lib/libc.a(libc_a-sysconf.o)
 .debug_str     0x00001fb2      0x4ee /usr/lib/gcc/arm-none-eabi/13.2.1/../../../arm-none-eabi/lib/libc.a(libc_a-stdio.o)
 .debug_str     0x00001fb2      0x487 /usr/lib/gcc/arm-none-eabi/13.2.1/../../../arm-none-eabi/lib/libc.a(libc_a-writer.o)
 .debug_str     0x00001fb2      0x49f /usr/lib/gcc/arm-none-eabi/13.2.1/../../../arm-none-eabi/lib/libc.a(libc_a-mlock.o)
 .debug_str     0x00001fb2      0x48a /usr/lib/gcc/arm-none-eabi/13.2.1/../../../arm-none-eabi/lib/libc.a(libc_a-sbrkr.o)
 .debug_str     0x00001fb2      0x477 /usr/lib/gcc/arm-none-eabi/13.2.1/../../../arm-none-eabi/lib/libc.a(libc_a-closer.o)
 .debug_str     0x00001fb2      0x508 /usr/lib/gcc/arm-none-eabi/13.2.1/../../../arm-none-eabi/lib/libc.a(libc_a-fflush.o)
 .debug_str     0x00001fb2      0x47b /usr/lib/gcc/arm-none-eabi/13.2.1/../../../arm-none-eabi/lib/libc.a(libc_a-errno.o)
 .debug_str     0x00001fb2      0x485 /usr/lib/gcc/arm-none-eabi/13.2.1/../../../arm-none-eabi/lib/libc.a(libc_a-readr.o)
 .debug_str     0x00001fb2      0x485 /usr/lib/gcc/arm-none-eabi/13.2.1/../../../arm-none-eabi/lib/libc.a(libc_a-lseekr.o)
 .debug_str     0x00001fb2      0x4a0 /usr/lib/gcc/arm-none-eabi/13.2.1/../../../arm-none-eabi/lib/libc.a(libc_a-reent.o)
 .debug_str     0x00001fb2       0xa5 /usr/lib/gcc/arm-none-eabi/13.2.1/libgcc.a(_udivsi3.o)
 .debug_str     0x00001fb2       0xa6 /usr/lib/gcc/arm-none-eabi/13.2.1/libgcc.a(_dvmd_tls.o)
 .debug_str     0x00001fb2      0x183 /usr/lib/gcc/arm-none-eabi/13.2.1/../../../arm-none-eabi/lib/libnosys.a(close.o)
 .debug_str     0x00001fb2      0x181 /usr/lib/gcc/arm-none-eabi/13.2.1/../../../arm-none-eabi/lib/libnosys.a(lseek.o)
 .debug_str     0x00001fb2      0x17e /usr/lib/gcc/arm-none-eabi/13.2.1/../../../arm-none-eabi/lib/libnosys.a(read.o)
 .debug_str     0x00001fb2      0x108 /usr/lib/gcc/arm-none-eabi/13.2.1/../../../arm-none-eabi/lib/libnosys.a(sbrk.o)
 .debug_str     0x00001fb2      0x181 /usr/lib/gcc/arm-none-eabi/13.2.1/../../../arm-none-eabi/lib/libnosys.a(write.o)
 .debug_str     0x00001fb2      0x154 /usr/lib/gcc/arm-none-eabi/13.2.1/../../../arm-none-eabi/lib/libnosys.a(_exit.o)

.debug_frame    0x00000000      0xad4
 .debug_frame   0x00000000       0x34 main.o
 .debug_frame   0x00000034       0xcc memory.o
 .debug_frame   0x00000100       0xa0 interrupts_msp432p401r_gcc.o
 .debug_frame   0x000001a0       0x5c system_msp432p401r.o
 .debug_frame   0x000001fc       0x24 /usr/lib/gcc/arm-none-eabi/13.2.1/libgcc.a(_arm_mulsf3.o)
 .debug_frame   0x00000220       0x4c /usr/lib/gcc/arm-none-eabi/13.2.1/libgcc.a(_arm_addsubsf3.o)
 .debug_frame   0x0000026c       0x38 /usr/lib/gcc/arm-none-eabi/13.2.1/libgcc.a(_arm_muldivsf3.o)
 .debug_frame   0x000002a4       0x24 /usr/lib/gcc/arm-none-eabi/13.2.1/libgcc.a(_arm_fixunssfsi.o)
 .debug_frame   0x000002c8       0x34 /usr/lib/gcc/arm-none-eabi/13.2.1/../../../arm-none-eabi/lib/libc.a(libc_a-memset.o)
 .debug_frame   0x000002fc       0x34 /usr/lib/gcc/arm-none-eabi/13.2.1/../../../arm-none-eabi/lib/libc.a(libc_a-init.o)
 .debug_frame   0x00000330       0x28 /usr/lib/gcc/arm-none-eabi/13.2.1/../../../arm-none-eabi/lib/libc.a(libc_a-exit.o)
 .debug_frame   0x00000358       0x2c /usr/lib/gcc/arm-none-eabi/13.2.1/../../../arm-none-eabi/lib/libc.a(libc_a-atexit.o)
 .debug_frame   0x00000384       0x34 /usr/lib/gcc/arm-none-eabi/13.2.1/../../../arm-none-eabi/lib/libc.a(libc_a-fini.o)
 .debug_frame   0x000003b8       0x68 /usr/lib/gcc/arm-none-eabi/13.2.1/../../../arm-none-eabi/lib/libc.a(libc_a-__call_atexit.o)
 .debug_frame   0x00000420       0x30 /usr/lib/gcc/arm-none-eabi/13.2.1/../../../arm-none-eabi/lib/libc.a(libc_a-__atexit.o)
 .debug_frame   0x00000450      0x12c /usr/lib/gcc/arm-none-eabi/13.2.1/../../../arm-none-eabi/lib/libc.a(libc_a-findfp.o)
 .debug_frame   0x0000057c       0x40 /usr/lib/gcc/arm-none-eabi/13.2.1/../../../arm-none-eabi/lib/libc.a(libc_a-fwalk.o)
 .debug_frame   0x000005bc       0x60 /usr/lib/gcc/arm-none-eabi/13.2.1/../../../arm-none-eabi/lib/libc.a(libc_a-mallocr.o)
 .debug_frame   0x0000061c       0x70 /usr/lib/gcc/arm-none-eabi/13.2.1/../../../arm-none-eabi/lib/libc.a(libc_a-freer.o)
 .debug_frame   0x0000068c       0x50 /usr/lib/gcc/arm-none-eabi/13.2.1/../../../arm-none-eabi/lib/libc.a(libc_a-fclose.o)
 .debug_frame   0x000006dc       0x2c /usr/lib/gcc/arm-none-eabi/13.2.1/../../../arm-none-eabi/lib/libc.a(libc_a-sysconf.o)
 .debug_frame   0x00000708       0xa0 /usr/lib/gcc/arm-none-eabi/13.2.1/../../../arm-none-eabi/lib/libc.a(libc_a-stdio.o)
 .debug_frame   0x000007a8       0x34 /usr/lib/gcc/arm-none-eabi/13.2.1/../../../arm-none-eabi/lib/libc.a(libc_a-writer.o)
 .debug_frame   0x000007dc       0x30 /usr/lib/gcc/arm-none-eabi/13.2.1/../../../arm-none-eabi/lib/libc.a(libc_a-mlock.o)
 .debug_frame   0x0000080c       0x3c /usr/lib/gcc/arm-none-eabi/13.2.1/../../../arm-none-eabi/lib/libc.a(libc_a-sbrkr.o)
 .debug_frame   0x00000848       0x34 /usr/lib/gcc/arm-none-eabi/13.2.1/../../../arm-none-eabi/lib/libc.a(libc_a-closer.o)
 .debug_frame   0x0000087c       0xb0 /usr/lib/gcc/arm-none-eabi/13.2.1/../../../arm-none-eabi/lib/libc.a(libc_a-fflush.o)
 .debug_frame   0x0000092c       0x20 /usr/lib/gcc/arm-none-eabi/13.2.1/../../../arm-none-eabi/lib/libc.a(libc_a-errno.o)
 .debug_frame   0x0000094c       0x34 /usr/lib/gcc/arm-none-eabi/13.2.1/../../../arm-none-eabi/lib/libc.a(libc_a-readr.o)
 .debug_frame   0x00000980       0x34 /usr/lib/gcc/arm-none-eabi/13.2.1/../../../arm-none-eabi/lib/libc.a(libc_a-lseekr.o)
 .debug_frame   0x000009b4       0x40 /usr/lib/gcc/arm-none-eabi/13.2.1/../../../arm-none-eabi/lib/libc.a(libc_a-reent.o)
 .debug_frame   0x000009f4       0x20 /usr/lib/gcc/arm-none-eabi/13.2.1/libgcc.a(_udivsi3.o)
 .debug_frame   0x00000a14       0x20 /usr/lib/gcc/arm-none-eabi/13.2.1/../../../arm-none-eabi/lib/libnosys.a(close.o)
 .debug_frame   0x00000a34       0x20 /usr/lib/gcc/arm-none-eabi/13.2.1/../../../arm-none-eabi/lib/libnosys.a(lseek.o)
 .debug_frame   0x00000a54       0x20 /usr/lib/gcc/arm-none-eabi/13.2.1/../../../arm-none-eabi/lib/libnosys.a(read.o)
 .debug_frame   0x00000a74       0x20 /usr/lib/gcc/arm-none-eabi/13.2.1/../../../arm-none-eabi/lib/libnosys.a(sbrk.o)
 .debug_frame   0x00000a94       0x20 /usr/lib/gcc/arm-none-eabi/13.2.1/../../../arm-none-eabi/lib/libnosys.a(write.o)
 .debug_frame   0x00000ab4       0x20 /usr/lib/gcc/arm-none-eabi/13.2.1/../../../arm-none-eabi/lib/libnosys.a(_exit.o)

.debug_rnglists
                0x00000000      0x174
 .debug_rnglists
                0x00000000       0x25 interrupts_msp432p401r_gcc.o
 .debug_rnglists
                0x00000025       0x48 /usr/lib/gcc/arm-none-eabi/13.2.1/../../../arm-none-eabi/lib/libc.a(libc_a-__call_atexit.o)
 .debug_rnglists
                0x0000006d       0x70 /usr/lib/gcc/arm-none-eabi/13.2.1/../../../arm-none-eabi/lib/libc.a(libc_a-findfp.o)
 .debug_rnglists
                0x000000dd       0x1c /usr/lib/gcc/arm-none-eabi/13.2.1/../../../arm-none-eabi/lib/libc.a(libc_a-mallocr.o)
 .debug_rnglists
                0x000000f9       0x22 /usr/lib/gcc/arm-none-eabi/13.2.1/../../../arm-none-eabi/lib/libc.a(libc_a-fclose.o)
 .debug_rnglists
                0x0000011b       0x59 /usr/lib/gcc/arm-none-eabi/13.2.1/../../../arm-none-eabi/lib/libc.a(libc_a-fflush.o)

.debug_loclists
                0x00000000     0x1f94
 .debug_loclists
                0x00000000      0x1c9 /usr/lib/gcc/arm-none-eabi/13.2.1/../../../arm-none-eabi/lib/libc.a(libc_a-memset.o)
 .debug_loclists
                0x000001c9       0x65 /usr/lib/gcc/arm-none-eabi/13.2.1/../../../arm-none-eabi/lib/libc.a(libc_a-init.o)
 .debug_loclists
                0x0000022e       0x1b /usr/lib/gcc/arm-none-eabi/13.2.1/../../../arm-none-eabi/lib/libc.a(libc_a-exit.o)
 .debug_loclists
                0x00000249       0x2b /usr/lib/gcc/arm-none-eabi/13.2.1/../../../arm-none-eabi/lib/libc.a(libc_a-atexit.o)
 .debug_loclists
                0x00000274       0x42 /usr/lib/gcc/arm-none-eabi/13.2.1/../../../arm-none-eabi/lib/libc.a(libc_a-fini.o)
 .debug_loclists
                0x000002b6      0x119 /usr/lib/gcc/arm-none-eabi/13.2.1/../../../arm-none-eabi/lib/libc.a(libc_a-__call_atexit.o)
 .debug_loclists
                0x000003cf       0xfc /usr/lib/gcc/arm-none-eabi/13.2.1/../../../arm-none-eabi/lib/libc.a(libc_a-__atexit.o)
 .debug_loclists
                0x000004cb      0x1da /usr/lib/gcc/arm-none-eabi/13.2.1/../../../arm-none-eabi/lib/libc.a(libc_a-findfp.o)
 .debug_loclists
                0x000006a5       0x90 /usr/lib/gcc/arm-none-eabi/13.2.1/../../../arm-none-eabi/lib/libc.a(libc_a-fwalk.o)
 .debug_loclists
                0x00000735      0x8d0 /usr/lib/gcc/arm-none-eabi/13.2.1/../../../arm-none-eabi/lib/libc.a(libc_a-mallocr.o)
 .debug_loclists
                0x00001005      0x449 /usr/lib/gcc/arm-none-eabi/13.2.1/../../../arm-none-eabi/lib/libc.a(libc_a-freer.o)
 .debug_loclists
                0x0000144e      0x13f /usr/lib/gcc/arm-none-eabi/13.2.1/../../../arm-none-eabi/lib/libc.a(libc_a-fclose.o)
 .debug_loclists
                0x0000158d       0x3b /usr/lib/gcc/arm-none-eabi/13.2.1/../../../arm-none-eabi/lib/libc.a(libc_a-sysconf.o)
 .debug_loclists
                0x000015c8      0x29f /usr/lib/gcc/arm-none-eabi/13.2.1/../../../arm-none-eabi/lib/libc.a(libc_a-stdio.o)
 .debug_loclists
                0x00001867       0x89 /usr/lib/gcc/arm-none-eabi/13.2.1/../../../arm-none-eabi/lib/libc.a(libc_a-writer.o)
 .debug_loclists
                0x000018f0       0x62 /usr/lib/gcc/arm-none-eabi/13.2.1/../../../arm-none-eabi/lib/libc.a(libc_a-sbrkr.o)
 .debug_loclists
                0x00001952       0x4b /usr/lib/gcc/arm-none-eabi/13.2.1/../../../arm-none-eabi/lib/libc.a(libc_a-closer.o)
 .debug_loclists
                0x0000199d      0x343 /usr/lib/gcc/arm-none-eabi/13.2.1/../../../arm-none-eabi/lib/libc.a(libc_a-fflush.o)
 .debug_loclists
                0x00001ce0       0x89 /usr/lib/gcc/arm-none-eabi/13.2.1/../../../arm-none-eabi/lib/libc.a(libc_a-readr.o)
 .debug_loclists
                0x00001d69       0x89 /usr/lib/gcc/arm-none-eabi/13.2.1/../../../arm-none-eabi/lib/libc.a(libc_a-lseekr.o)
 .debug_loclists
                0x00001df2       0x86 /usr/lib/gcc/arm-none-eabi/13.2.1/../../../arm-none-eabi/lib/libc.a(libc_a-reent.o)
 .debug_loclists
                0x00001e78       0x24 /usr/lib/gcc/arm-none-eabi/13.2.1/../../../arm-none-eabi/lib/libnosys.a(close.o)
 .debug_loclists
                0x00001e9c       0x3c /usr/lib/gcc/arm-none-eabi/13.2.1/../../../arm-none-eabi/lib/libnosys.a(lseek.o)
 .debug_loclists
                0x00001ed8       0x3c /usr/lib/gcc/arm-none-eabi/13.2.1/../../../arm-none-eabi/lib/libnosys.a(read.o)
 .debug_loclists
                0x00001f14       0x30 /usr/lib/gcc/arm-none-eabi/13.2.1/../../../arm-none-eabi/lib/libnosys.a(sbrk.o)
 .debug_loclists
                0x00001f44       0x3c /usr/lib/gcc/arm-none-eabi/13.2.1/../../../arm-none-eabi/lib/libnosys.a(write.o)
 .debug_loclists
                0x00001f80       0x14 /usr/lib/gcc/arm-none-eabi/13.2.1/../../../arm-none-eabi/lib/libnosys.a(_exit.o)
